29-05-2026 14:44:59: Searching classpath folders ...
DesigniteJava Professional. Version 2.8.3.0
Copyright (C) 2026 Designite. All rights reserved.
29-05-2026 14:44:59: Parsing the source code ...
29-05-2026 14:45:54: Resolving symbols...
29-05-2026 14:46:01: Computing metrics...
29-05-2026 14:46:02: Detecting code smells...
29-05-2026 14:46:08: Exporting analysis results...
wrapping up ...
--Analysis summary--
	Total LOC analyzed: 135884	Number of packages: 20
	Number of classes: 1101	Number of methods: 9419
-Total architecture smell instances detected-
	Cyclic dependency: 11	God component: 8
	Ambiguous interface: 0 	Feature concentration: 11
	Unstable dependency: 5	Scattered functionality: 1
	Dense structure: 0
-Total design smell instances detected-
	Imperative abstraction: 0	Multifaceted abstraction: 3
	Unnecessary abstraction: 480	Unutilized abstraction: 324
	Feature envy: 0	Deficient encapsulation: 47
	Unexploited encapsulation: 0	Broken modularization: 25
	Cyclically-dependent modularization: 9	Hub-like modularization: 0
	Insufficient modularization: 48	Broken hierarchy: 24
	Cyclic hierarchy: 3	Deep hierarchy: 0
	Missing hierarchy: 0	Multipath hierarchy: 0
	Rebellious hierarchy: 1	Wide hierarchy: 2
-Total testability smell instances detected-
	Hard-wired dependency: 14	Global state: 78
	Excessive dependency: 4	Law of Demeter violation: 53
-Total implementation smell instances detected-
	Abstract function call from constructor: 0	Complex conditional: 107
	Complex method: 84	Empty catch clause: 16
	Long identifier: 101	Long method: 5
	Long parameter list: 78	Long statement: 132
	Magic number: 459	Missing default: 3
-Total test smell instances detected-
	Assertion roulette: 2949	Missing assertion: 242
	Empty test: 1	Ignored test: 0
	Constructor initialization: 13	Eager test: 617
	Exceptional handling: 187	Conditional test logic: 53
----
29-05-2026 14:46:18: Done.

