[ERROR] COMPILATION ERROR : 
[ERROR] /data/henrique/langchain_prototype/new/data/repositories/commons-lang/src/main/java/org/apache/commons/lang3/function/failable/Failable.java:[85,65] cannot find symbol
  symbol:   class FailableBiConsumer
  location: class org.apache.commons.lang3.function.failable.Failable
[ERROR] /data/henrique/langchain_prototype/new/data/repositories/commons-lang/src/main/java/org/apache/commons/lang3/function/failable/Failable.java:[98,62] cannot find symbol
  symbol:   class FailableConsumer
  location: class org.apache.commons.lang3.function.failable.Failable
[ERROR] /data/henrique/langchain_prototype/new/data/repositories/commons-lang/src/main/java/org/apache/commons/lang3/function/failable/Failable.java:[109,59] cannot find symbol
  symbol:   class FailableDoubleConsumer
  location: class org.apache.commons.lang3.function.failable.Failable
[ERROR] /data/henrique/langchain_prototype/new/data/repositories/commons-lang/src/main/java/org/apache/commons/lang3/function/failable/Failable.java:[120,59] cannot find symbol
  symbol:   class FailableIntConsumer
  location: class org.apache.commons.lang3.function.failable.Failable
[ERROR] /data/henrique/langchain_prototype/new/data/repositories/commons-lang/src/main/java/org/apache/commons/lang3/function/failable/Failable.java:[131,59] cannot find symbol
  symbol:   class FailableLongConsumer
  location: class org.apache.commons.lang3.function.failable.Failable
[ERROR] /data/henrique/langchain_prototype/new/data/repositories/commons-lang/src/main/java/org/apache/commons/lang3/function/failable/Failable.java:[147,64] cannot find symbol
  symbol:   class FailableBiFunction
  location: class org.apache.commons.lang3.function.failable.Failable
[ERROR] /data/henrique/langchain_prototype/new/data/repositories/commons-lang/src/main/java/org/apache/commons/lang3/function/failable/Failable.java:[162,61] cannot find symbol
  symbol:   class FailableFunction
  location: class org.apache.commons.lang3.function.failable.Failable
[ERROR] /data/henrique/langchain_prototype/new/data/repositories/commons-lang/src/main/java/org/apache/commons/lang3/function/failable/Failable.java:[175,68] cannot find symbol
  symbol:   class FailableDoubleBinaryOperator
  location: class org.apache.commons.lang3.function.failable.Failable
[ERROR] /data/henrique/langchain_prototype/new/data/repositories/commons-lang/src/main/java/org/apache/commons/lang3/function/failable/Failable.java:[205,83] cannot find symbol
  symbol:   class FailableFunction
  location: class org.apache.commons.lang3.function.failable.Failable
[ERROR] /data/henrique/langchain_prototype/new/data/repositories/commons-lang/src/main/java/org/apache/commons/lang3/function/failable/Failable.java:[240,19] cannot find symbol
  symbol:   class FailableFunction
  location: class org.apache.commons.lang3.function.failable.Failable
[ERROR] /data/henrique/langchain_prototype/new/data/repositories/commons-lang/src/main/java/org/apache/commons/lang3/function/failable/Failable.java:[240,79] cannot find symbol
  symbol:   class FailableFunction
  location: class org.apache.commons.lang3.function.failable.Failable
[ERROR] /data/henrique/langchain_prototype/new/data/repositories/commons-lang/src/main/java/org/apache/commons/lang3/function/failable/Failable.java:[280,19] cannot find symbol
  symbol:   class FailableFunction
  location: class org.apache.commons.lang3.function.failable.Failable
[ERROR] /data/henrique/langchain_prototype/new/data/repositories/commons-lang/src/main/java/org/apache/commons/lang3/function/failable/Failable.java:[280,79] cannot find symbol
  symbol:   class FailableFunction
  location: class org.apache.commons.lang3.function.failable.Failable
[ERROR] /data/henrique/langchain_prototype/new/data/repositories/commons-lang/src/main/java/org/apache/commons/lang3/function/failable/Failable.java:[281,19] cannot find symbol
  symbol:   class FailableFunction
  location: class org.apache.commons.lang3.function.failable.Failable
[ERROR] /data/henrique/langchain_prototype/new/data/repositories/commons-lang/src/main/java/org/apache/commons/lang3/function/failable/Failable.java:[293,62] cannot find symbol
  symbol:   class FailableBiConsumer
  location: class org.apache.commons.lang3.function.failable.Failable
[ERROR] /data/henrique/langchain_prototype/new/data/repositories/commons-lang/src/main/java/org/apache/commons/lang3/function/failable/Failable.java:[306,68] cannot find symbol
  symbol:   class FailableBiFunction
  location: class org.apache.commons.lang3.function.failable.Failable
[ERROR] /data/henrique/langchain_prototype/new/data/repositories/commons-lang/src/main/java/org/apache/commons/lang3/function/failable/Failable.java:[318,64] cannot find symbol
  symbol:   class FailableBiPredicate
  location: class org.apache.commons.lang3.function.failable.Failable
[ERROR] /data/henrique/langchain_prototype/new/data/repositories/commons-lang/src/main/java/org/apache/commons/lang3/function/failable/Failable.java:[329,52] cannot find symbol
  symbol:   class FailableCallable
  location: class org.apache.commons.lang3.function.failable.Failable
[ERROR] /data/henrique/langchain_prototype/new/data/repositories/commons-lang/src/main/java/org/apache/commons/lang3/function/failable/Failable.java:[340,52] cannot find symbol
  symbol:   class FailableConsumer
  location: class org.apache.commons.lang3.function.failable.Failable
[ERROR] /data/henrique/langchain_prototype/new/data/repositories/commons-lang/src/main/java/org/apache/commons/lang3/function/failable/Failable.java:[352,58] cannot find symbol
  symbol:   class FailableFunction
  location: class org.apache.commons.lang3.function.failable.Failable
[ERROR] /data/henrique/langchain_prototype/new/data/repositories/commons-lang/src/main/java/org/apache/commons/lang3/function/failable/Failable.java:[363,54] cannot find symbol
  symbol:   class FailablePredicate
  location: class org.apache.commons.lang3.function.failable.Failable
[ERROR] /data/henrique/langchain_prototype/new/data/repositories/commons-lang/src/main/java/org/apache/commons/lang3/function/failable/Failable.java:[384,52] cannot find symbol
  symbol:   class FailableSupplier
  location: class org.apache.commons.lang3.function.failable.Failable
[ERROR] /data/henrique/langchain_prototype/new/data/repositories/commons-lang/src/main/java/org/apache/commons/lang3/function/failable/Failable.java:[396,57] cannot find symbol
  symbol:   class FailableCallable
  location: class org.apache.commons.lang3.function.failable.Failable
[ERROR] /data/henrique/langchain_prototype/new/data/repositories/commons-lang/src/main/java/org/apache/commons/lang3/function/failable/Failable.java:[408,56] cannot find symbol
  symbol:   class FailableSupplier
  location: class org.apache.commons.lang3.function.failable.Failable
[ERROR] /data/henrique/langchain_prototype/new/data/repositories/commons-lang/src/main/java/org/apache/commons/lang3/function/failable/Failable.java:[423,68] cannot find symbol
  symbol:   class FailableBooleanSupplier
  location: class org.apache.commons.lang3.function.failable.Failable
[ERROR] /data/henrique/langchain_prototype/new/data/repositories/commons-lang/src/main/java/org/apache/commons/lang3/function/failable/Failable.java:[438,66] cannot find symbol
  symbol:   class FailableDoubleSupplier
  location: class org.apache.commons.lang3.function.failable.Failable
[ERROR] /data/henrique/langchain_prototype/new/data/repositories/commons-lang/src/main/java/org/apache/commons/lang3/function/failable/Failable.java:[453,60] cannot find symbol
  symbol:   class FailableIntSupplier
  location: class org.apache.commons.lang3.function.failable.Failable
[ERROR] /data/henrique/langchain_prototype/new/data/repositories/commons-lang/src/main/java/org/apache/commons/lang3/function/failable/Failable.java:[468,62] cannot find symbol
  symbol:   class FailableLongSupplier
  location: class org.apache.commons.lang3.function.failable.Failable
[ERROR] /data/henrique/langchain_prototype/new/data/repositories/commons-lang/src/main/java/org/apache/commons/lang3/function/failable/Failable.java:[483,64] cannot find symbol
  symbol:   class FailableShortSupplier
  location: class org.apache.commons.lang3.function.failable.Failable
[ERROR] /data/henrique/langchain_prototype/new/data/repositories/commons-lang/src/main/java/org/apache/commons/lang3/function/failable/Failable.java:[582,66] cannot find symbol
  symbol:   class FailableBiPredicate
  location: class org.apache.commons.lang3.function.failable.Failable
[ERROR] /data/henrique/langchain_prototype/new/data/repositories/commons-lang/src/main/java/org/apache/commons/lang3/function/failable/Failable.java:[596,63] cannot find symbol
  symbol:   class FailablePredicate
  location: class org.apache.commons.lang3.function.failable.Failable
[ERROR] /data/henrique/langchain_prototype/new/data/repositories/commons-lang/src/main/java/org/apache/commons/lang3/function/failable/Failable.java:[621,15] cannot find symbol
  symbol:   class FailableConsumer
  location: class org.apache.commons.lang3.function.failable.Failable
[ERROR] /data/henrique/langchain_prototype/new/data/repositories/commons-lang/src/main/java/org/apache/commons/lang3/function/failable/FailableHelper.java:[20,41] cannot find symbol
  symbol:   class Failable
  location: package org.apache.commons.lang3.function
[ERROR] /data/henrique/langchain_prototype/new/data/repositories/commons-lang/src/main/java/org/apache/commons/lang3/Functions.java:[634,17] no suitable method found for tryWithResources(action::run,errorHandl[...] null,org.apache.commons.lang3.Functions.FailableRunnable<?>[])
    method org.apache.commons.lang3.function.failable.Failable.tryWithResources(org.apache.commons.lang3.function.failable.FailableRunnable<? extends java.lang.Throwable>,<any>,org.apache.commons.lang3.function.failable.FailableRunnable<? extends java.lang.Throwable>...) is not applicable
      (varargs mismatch; org.apache.commons.lang3.Functions.FailableRunnable<?>[] cannot be converted to org.apache.commons.lang3.function.failable.FailableRunnable<? extends java.lang.Throwable>)
    method org.apache.commons.lang3.function.failable.Failable.tryWithResources(org.apache.commons.lang3.function.failable.FailableRunnable<? extends java.lang.Throwable>,org.apache.commons.lang3.function.failable.FailableRunnable<? extends java.lang.Throwable>...) is not applicable
      (varargs mismatch; bad type in conditional expression
          invalid method reference
            method accept in interface org.apache.commons.lang3.Functions.FailableConsumer<O,T> cannot be applied to given types
              required: java.lang.Throwable
              found:    no arguments
              reason: actual and formal argument lists differ in length)
[ERROR] /data/henrique/langchain_prototype/new/data/repositories/commons-lang/src/main/java/org/apache/commons/lang3/function/failable/Failable.java:[149,16] incompatible types: <any> is not a functional interface
[ERROR] /data/henrique/langchain_prototype/new/data/repositories/commons-lang/src/main/java/org/apache/commons/lang3/function/failable/Failable.java:[163,16] incompatible types: <any> is not a functional interface
[ERROR] /data/henrique/langchain_prototype/new/data/repositories/commons-lang/src/main/java/org/apache/commons/lang3/function/failable/Failable.java:[177,16] incompatible types: <any> is not a functional interface
[ERROR] /data/henrique/langchain_prototype/new/data/repositories/commons-lang/src/main/java/org/apache/commons/lang3/function/failable/Failable.java:[584,16] incompatible types: <any> is not a functional interface
[ERROR] /data/henrique/langchain_prototype/new/data/repositories/commons-lang/src/main/java/org/apache/commons/lang3/function/failable/Failable.java:[597,16] incompatible types: <any> is not a functional interface
[ERROR] /data/henrique/langchain_prototype/new/data/repositories/commons-lang/src/main/java/org/apache/commons/lang3/function/failable/Failable.java:[623,15] cannot find symbol
  symbol:   class FailableConsumer
  location: class org.apache.commons.lang3.function.failable.Failable
[ERROR] /data/henrique/langchain_prototype/new/data/repositories/commons-lang/src/main/java/org/apache/commons/lang3/function/failable/Failable.java:[625,34] method reference not expected here
[ERROR] Failed to execute goal org.apache.maven.plugins:maven-compiler-plugin:3.15.0:compile (default-compile) on project commons-lang3: Compilation failure: Compilation failure: 
[ERROR] /data/henrique/langchain_prototype/new/data/repositories/commons-lang/src/main/java/org/apache/commons/lang3/function/failable/Failable.java:[85,65] cannot find symbol
[ERROR]   symbol:   class FailableBiConsumer
[ERROR]   location: class org.apache.commons.lang3.function.failable.Failable
[ERROR] /data/henrique/langchain_prototype/new/data/repositories/commons-lang/src/main/java/org/apache/commons/lang3/function/failable/Failable.java:[98,62] cannot find symbol
[ERROR]   symbol:   class FailableConsumer
[ERROR]   location: class org.apache.commons.lang3.function.failable.Failable
[ERROR] /data/henrique/langchain_prototype/new/data/repositories/commons-lang/src/main/java/org/apache/commons/lang3/function/failable/Failable.java:[109,59] cannot find symbol
[ERROR]   symbol:   class FailableDoubleConsumer
[ERROR]   location: class org.apache.commons.lang3.function.failable.Failable
[ERROR] /data/henrique/langchain_prototype/new/data/repositories/commons-lang/src/main/java/org/apache/commons/lang3/function/failable/Failable.java:[120,59] cannot find symbol
[ERROR]   symbol:   class FailableIntConsumer
[ERROR]   location: class org.apache.commons.lang3.function.failable.Failable
[ERROR] /data/henrique/langchain_prototype/new/data/repositories/commons-lang/src/main/java/org/apache/commons/lang3/function/failable/Failable.java:[131,59] cannot find symbol
[ERROR]   symbol:   class FailableLongConsumer
[ERROR]   location: class org.apache.commons.lang3.function.failable.Failable
[ERROR] /data/henrique/langchain_prototype/new/data/repositories/commons-lang/src/main/java/org/apache/commons/lang3/function/failable/Failable.java:[147,64] cannot find symbol
[ERROR]   symbol:   class FailableBiFunction
[ERROR]   location: class org.apache.commons.lang3.function.failable.Failable
[ERROR] /data/henrique/langchain_prototype/new/data/repositories/commons-lang/src/main/java/org/apache/commons/lang3/function/failable/Failable.java:[162,61] cannot find symbol
[ERROR]   symbol:   class FailableFunction
[ERROR]   location: class org.apache.commons.lang3.function.failable.Failable
[ERROR] /data/henrique/langchain_prototype/new/data/repositories/commons-lang/src/main/java/org/apache/commons/lang3/function/failable/Failable.java:[175,68] cannot find symbol
[ERROR]   symbol:   class FailableDoubleBinaryOperator
[ERROR]   location: class org.apache.commons.lang3.function.failable.Failable
[ERROR] /data/henrique/langchain_prototype/new/data/repositories/commons-lang/src/main/java/org/apache/commons/lang3/function/failable/Failable.java:[205,83] cannot find symbol
[ERROR]   symbol:   class FailableFunction
[ERROR]   location: class org.apache.commons.lang3.function.failable.Failable
[ERROR] /data/henrique/langchain_prototype/new/data/repositories/commons-lang/src/main/java/org/apache/commons/lang3/function/failable/Failable.java:[240,19] cannot find symbol
[ERROR]   symbol:   class FailableFunction
[ERROR]   location: class org.apache.commons.lang3.function.failable.Failable
[ERROR] /data/henrique/langchain_prototype/new/data/repositories/commons-lang/src/main/java/org/apache/commons/lang3/function/failable/Failable.java:[240,79] cannot find symbol
[ERROR]   symbol:   class FailableFunction
[ERROR]   location: class org.apache.commons.lang3.function.failable.Failable
[ERROR] /data/henrique/langchain_prototype/new/data/repositories/commons-lang/src/main/java/org/apache/commons/lang3/function/failable/Failable.java:[280,19] cannot find symbol
[ERROR]   symbol:   class FailableFunction
[ERROR]   location: class org.apache.commons.lang3.function.failable.Failable
[ERROR] /data/henrique/langchain_prototype/new/data/repositories/commons-lang/src/main/java/org/apache/commons/lang3/function/failable/Failable.java:[280,79] cannot find symbol
[ERROR]   symbol:   class FailableFunction
[ERROR]   location: class org.apache.commons.lang3.function.failable.Failable
[ERROR] /data/henrique/langchain_prototype/new/data/repositories/commons-lang/src/main/java/org/apache/commons/lang3/function/failable/Failable.java:[281,19] cannot find symbol
[ERROR]   symbol:   class FailableFunction
[ERROR]   location: class org.apache.commons.lang3.function.failable.Failable
[ERROR] /data/henrique/langchain_prototype/new/data/repositories/commons-lang/src/main/java/org/apache/commons/lang3/function/failable/Failable.java:[293,62] cannot find symbol
[ERROR]   symbol:   class FailableBiConsumer
[ERROR]   location: class org.apache.commons.lang3.function.failable.Failable
[ERROR] /data/henrique/langchain_prototype/new/data/repositories/commons-lang/src/main/java/org/apache/commons/lang3/function/failable/Failable.java:[306,68] cannot find symbol
[ERROR]   symbol:   class FailableBiFunction
[ERROR]   location: class org.apache.commons.lang3.function.failable.Failable
[ERROR] /data/henrique/langchain_prototype/new/data/repositories/commons-lang/src/main/java/org/apache/commons/lang3/function/failable/Failable.java:[318,64] cannot find symbol
[ERROR]   symbol:   class FailableBiPredicate
[ERROR]   location: class org.apache.commons.lang3.function.failable.Failable
[ERROR] /data/henrique/langchain_prototype/new/data/repositories/commons-lang/src/main/java/org/apache/commons/lang3/function/failable/Failable.java:[329,52] cannot find symbol
[ERROR]   symbol:   class FailableCallable
[ERROR]   location: class org.apache.commons.lang3.function.failable.Failable
[ERROR] /data/henrique/langchain_prototype/new/data/repositories/commons-lang/src/main/java/org/apache/commons/lang3/function/failable/Failable.java:[340,52] cannot find symbol
[ERROR]   symbol:   class FailableConsumer
[ERROR]   location: class org.apache.commons.lang3.function.failable.Failable
[ERROR] /data/henrique/langchain_prototype/new/data/repositories/commons-lang/src/main/java/org/apache/commons/lang3/function/failable/Failable.java:[352,58] cannot find symbol
[ERROR]   symbol:   class FailableFunction
[ERROR]   location: class org.apache.commons.lang3.function.failable.Failable
[ERROR] /data/henrique/langchain_prototype/new/data/repositories/commons-lang/src/main/java/org/apache/commons/lang3/function/failable/Failable.java:[363,54] cannot find symbol
[ERROR]   symbol:   class FailablePredicate
[ERROR]   location: class org.apache.commons.lang3.function.failable.Failable
[ERROR] /data/henrique/langchain_prototype/new/data/repositories/commons-lang/src/main/java/org/apache/commons/lang3/function/failable/Failable.java:[384,52] cannot find symbol
[ERROR]   symbol:   class FailableSupplier
[ERROR]   location: class org.apache.commons.lang3.function.failable.Failable
[ERROR] /data/henrique/langchain_prototype/new/data/repositories/commons-lang/src/main/java/org/apache/commons/lang3/function/failable/Failable.java:[396,57] cannot find symbol
[ERROR]   symbol:   class FailableCallable
[ERROR]   location: class org.apache.commons.lang3.function.failable.Failable
[ERROR] /data/henrique/langchain_prototype/new/data/repositories/commons-lang/src/main/java/org/apache/commons/lang3/function/failable/Failable.java:[408,56] cannot find symbol
[ERROR]   symbol:   class FailableSupplier
[ERROR]   location: class org.apache.commons.lang3.function.failable.Failable
[ERROR] /data/henrique/langchain_prototype/new/data/repositories/commons-lang/src/main/java/org/apache/commons/lang3/function/failable/Failable.java:[423,68] cannot find symbol
[ERROR]   symbol:   class FailableBooleanSupplier
[ERROR]   location: class org.apache.commons.lang3.function.failable.Failable
[ERROR] /data/henrique/langchain_prototype/new/data/repositories/commons-lang/src/main/java/org/apache/commons/lang3/function/failable/Failable.java:[438,66] cannot find symbol
[ERROR]   symbol:   class FailableDoubleSupplier
[ERROR]   location: class org.apache.commons.lang3.function.failable.Failable
[ERROR] /data/henrique/langchain_prototype/new/data/repositories/commons-lang/src/main/java/org/apache/commons/lang3/function/failable/Failable.java:[453,60] cannot find symbol
[ERROR]   symbol:   class FailableIntSupplier
[ERROR]   location: class org.apache.commons.lang3.function.failable.Failable
[ERROR] /data/henrique/langchain_prototype/new/data/repositories/commons-lang/src/main/java/org/apache/commons/lang3/function/failable/Failable.java:[468,62] cannot find symbol
[ERROR]   symbol:   class FailableLongSupplier
[ERROR]   location: class org.apache.commons.lang3.function.failable.Failable
[ERROR] /data/henrique/langchain_prototype/new/data/repositories/commons-lang/src/main/java/org/apache/commons/lang3/function/failable/Failable.java:[483,64] cannot find symbol
[ERROR]   symbol:   class FailableShortSupplier
[ERROR]   location: class org.apache.commons.lang3.function.failable.Failable
[ERROR] /data/henrique/langchain_prototype/new/data/repositories/commons-lang/src/main/java/org/apache/commons/lang3/function/failable/Failable.java:[582,66] cannot find symbol
[ERROR]   symbol:   class FailableBiPredicate
[ERROR]   location: class org.apache.commons.lang3.function.failable.Failable
[ERROR] /data/henrique/langchain_prototype/new/data/repositories/commons-lang/src/main/java/org/apache/commons/lang3/function/failable/Failable.java:[596,63] cannot find symbol
[ERROR]   symbol:   class FailablePredicate
[ERROR]   location: class org.apache.commons.lang3.function.failable.Failable
[ERROR] /data/henrique/langchain_prototype/new/data/repositories/commons-lang/src/main/java/org/apache/commons/lang3/function/failable/Failable.java:[621,15] cannot find symbol
[ERROR]   symbol:   class FailableConsumer
[ERROR]   location: class org.apache.commons.lang3.function.failable.Failable
[ERROR] /data/henrique/langchain_prototype/new/data/repositories/commons-lang/src/main/java/org/apache/commons/lang3/function/failable/FailableHelper.java:[20,41] cannot find symbol
[ERROR]   symbol:   class Failable
[ERROR]   location: package org.apache.commons.lang3.function
[ERROR] /data/henrique/langchain_prototype/new/data/repositories/commons-lang/src/main/java/org/apache/commons/lang3/Functions.java:[634,17] no suitable method found for tryWithResources(action::run,errorHandl[...] null,org.apache.commons.lang3.Functions.FailableRunnable<?>[])
[ERROR]     method org.apache.commons.lang3.function.failable.Failable.tryWithResources(org.apache.commons.lang3.function.failable.FailableRunnable<? extends java.lang.Throwable>,<any>,org.apache.commons.lang3.function.failable.FailableRunnable<? extends java.lang.Throwable>...) is not applicable
[ERROR]       (varargs mismatch; org.apache.commons.lang3.Functions.FailableRunnable<?>[] cannot be converted to org.apache.commons.lang3.function.failable.FailableRunnable<? extends java.lang.Throwable>)
[ERROR]     method org.apache.commons.lang3.function.failable.Failable.tryWithResources(org.apache.commons.lang3.function.failable.FailableRunnable<? extends java.lang.Throwable>,org.apache.commons.lang3.function.failable.FailableRunnable<? extends java.lang.Throwable>...) is not applicable
[ERROR]       (varargs mismatch; bad type in conditional expression
[ERROR]           invalid method reference
[ERROR]             method accept in interface org.apache.commons.lang3.Functions.FailableConsumer<O,T> cannot be applied to given types
[ERROR]               required: java.lang.Throwable
[ERROR]               found:    no arguments
[ERROR]               reason: actual and formal argument lists differ in length)
[ERROR] /data/henrique/langchain_prototype/new/data/repositories/commons-lang/src/main/java/org/apache/commons/lang3/function/failable/Failable.java:[149,16] incompatible types: <any> is not a functional interface
[ERROR] /data/henrique/langchain_prototype/new/data/repositories/commons-lang/src/main/java/org/apache/commons/lang3/function/failable/Failable.java:[163,16] incompatible types: <any> is not a functional interface
[ERROR] /data/henrique/langchain_prototype/new/data/repositories/commons-lang/src/main/java/org/apache/commons/lang3/function/failable/Failable.java:[177,16] incompatible types: <any> is not a functional interface
[ERROR] /data/henrique/langchain_prototype/new/data/repositories/commons-lang/src/main/java/org/apache/commons/lang3/function/failable/Failable.java:[584,16] incompatible types: <any> is not a functional interface
[ERROR] /data/henrique/langchain_prototype/new/data/repositories/commons-lang/src/main/java/org/apache/commons/lang3/function/failable/Failable.java:[597,16] incompatible types: <any> is not a functional interface
[ERROR] /data/henrique/langchain_prototype/new/data/repositories/commons-lang/src/main/java/org/apache/commons/lang3/function/failable/Failable.java:[623,15] cannot find symbol
[ERROR]   symbol:   class FailableConsumer
[ERROR]   location: class org.apache.commons.lang3.function.failable.Failable
[ERROR] /data/henrique/langchain_prototype/new/data/repositories/commons-lang/src/main/java/org/apache/commons/lang3/function/failable/Failable.java:[625,34] method reference not expected here
[ERROR] -> [Help 1]
[ERROR] 
[ERROR] To see the full stack trace of the errors, re-run Maven with the -e switch.
[ERROR] Re-run Maven using the -X switch to enable full debug logging.
[ERROR] 
[ERROR] For more information about the errors and possible solutions, please read the following articles:
[ERROR] [Help 1] http://cwiki.apache.org/confluence/display/MAVEN/MojoFailureException
