18-06-2026 15:37:47: Searching classpath folders ...
DesigniteJava Professional. Version 2.8.3.0
Copyright (C) 2026 Designite. All rights reserved.
18-06-2026 15:37:47: Parsing the source code ...
18-06-2026 15:37:51: Resolving symbols...
18-06-2026 15:37:52: Computing metrics...
18-06-2026 15:37:52: Detecting code smells...
18-06-2026 15:37:53: Exporting analysis results...
wrapping up ...
--Analysis summary--
	Total LOC analyzed: 44955	Number of packages: 11
	Number of classes: 339	Number of methods: 3569
-Total architecture smell instances detected-
	Cyclic dependency: 9	God component: 4
	Ambiguous interface: 0 	Feature concentration: 7
	Unstable dependency: 9	Scattered functionality: 34
	Dense structure: 1
-Total design smell instances detected-
	Imperative abstraction: 0	Multifaceted abstraction: 0
	Unnecessary abstraction: 131	Unutilized abstraction: 107
	Feature envy: 6	Deficient encapsulation: 20
	Unexploited encapsulation: 7	Broken modularization: 11
	Cyclically-dependent modularization: 10	Hub-like modularization: 1
	Insufficient modularization: 21	Broken hierarchy: 10
	Cyclic hierarchy: 4	Deep hierarchy: 0
	Missing hierarchy: 8	Multipath hierarchy: 0
	Rebellious hierarchy: 0	Wide hierarchy: 1
-Total testability smell instances detected-
	Hard-wired dependency: 29	Global state: 57
	Excessive dependency: 25	Law of Demeter violation: 158
-Total implementation smell instances detected-
	Abstract function call from constructor: 2	Complex conditional: 43
	Complex method: 71	Empty catch clause: 6
	Long identifier: 0	Long method: 4
	Long parameter list: 7	Long statement: 77
	Magic number: 130	Missing default: 3
-Total test smell instances detected-
	Assertion roulette: 967	Missing assertion: 50
	Empty test: 0	Ignored test: 0
	Constructor initialization: 0	Eager test: 860
	Exceptional handling: 41	Conditional test logic: 3
----
18-06-2026 15:38:05: Done.

