[INFO] Scanning for projects...
[INFO] Inspecting build with total of 1 modules
[INFO] Installing Central Publishing features
Downloading from central: https://repo.maven.apache.org/maven2/org/openrewrite/maven/rewrite-maven-plugin/maven-metadata.xml
Progress (1): 4.7 kB
Progress (1): 8.8 kB
Progress (1): 9.1 kB
                    
Downloaded from central: https://repo.maven.apache.org/maven2/org/openrewrite/maven/rewrite-maven-plugin/maven-metadata.xml (9.1 kB at 36 kB/s)
[INFO] 
[INFO] --------------------------< org.jsoup:jsoup >---------------------------
[INFO] Building jsoup Java HTML Parser 1.23.1-SNAPSHOT
[INFO]   from pom.xml
[INFO] --------------------------------[ jar ]---------------------------------
[INFO] 
[INFO] --- rewrite:6.41.0:runNoFork (default-cli) @ jsoup ---
[INFO] Using active recipe(s) [source_refactor.MoveClassBlock1]
[INFO] Using active styles(s) []
[INFO] Validating active recipes...
[INFO] Project [jsoup Java HTML Parser] Resolving Poms...
[INFO] Project [jsoup Java HTML Parser] Parsing source files
[INFO] Running recipe(s)...
[WARNING] File has been moved from src/main/java/org/jsoup/parser/Tag.java to src/main/java/org/jsoup/parser/tags/Tag.java by:
[WARNING]     org.openrewrite.java.ChangeType: {oldFullyQualifiedTypeName=org.jsoup.parser.Tag, newFullyQualifiedTypeName=org.jsoup.parser.tags.Tag}
[WARNING]         org.openrewrite.java.ChangeType: {oldFullyQualifiedTypeName=org.jsoup.parser.TagSet, newFullyQualifiedTypeName=org.jsoup.parser.tags.TagSet}
[WARNING]             org.openrewrite.java.ChangeType: {oldFullyQualifiedTypeName=org.jsoup.parser.HtmlTagOptions, newFullyQualifiedTypeName=org.jsoup.parser.tags.HtmlTagOptions}
[WARNING] File has been moved from src/main/java/org/jsoup/parser/HtmlTagOptions.java to src/main/java/org/jsoup/parser/tags/HtmlTagOptions.java by:
[WARNING]     org.openrewrite.java.ChangeType: {oldFullyQualifiedTypeName=org.jsoup.parser.Tag, newFullyQualifiedTypeName=org.jsoup.parser.tags.Tag}
[WARNING]         org.openrewrite.java.ChangeType: {oldFullyQualifiedTypeName=org.jsoup.parser.HtmlTagOptions, newFullyQualifiedTypeName=org.jsoup.parser.tags.HtmlTagOptions}
[WARNING] File has been moved from src/main/java/org/jsoup/parser/TagSet.java to src/main/java/org/jsoup/parser/tags/TagSet.java by:
[WARNING]     org.openrewrite.java.ChangeType: {oldFullyQualifiedTypeName=org.jsoup.parser.Tag, newFullyQualifiedTypeName=org.jsoup.parser.tags.Tag}
[WARNING]         org.openrewrite.java.ChangeType: {oldFullyQualifiedTypeName=org.jsoup.parser.TagSet, newFullyQualifiedTypeName=org.jsoup.parser.tags.TagSet}
[WARNING] Changes have been made to src/main/java/org/jsoup/nodes/Element.java by:
[WARNING]     org.openrewrite.java.ChangeType: {oldFullyQualifiedTypeName=org.jsoup.parser.Tag, newFullyQualifiedTypeName=org.jsoup.parser.tags.Tag}
[WARNING]         org.openrewrite.java.ChangeType: {oldFullyQualifiedTypeName=org.jsoup.parser.TagSet, newFullyQualifiedTypeName=org.jsoup.parser.tags.TagSet}
[WARNING] Changes have been made to src/main/java/org/jsoup/nodes/PseudoTextElement.java by:
[WARNING]     org.openrewrite.java.ChangeType: {oldFullyQualifiedTypeName=org.jsoup.parser.Tag, newFullyQualifiedTypeName=org.jsoup.parser.tags.Tag}
[WARNING] Changes have been made to src/main/java/org/jsoup/nodes/Document.java by:
[WARNING]     org.openrewrite.java.ChangeType: {oldFullyQualifiedTypeName=org.jsoup.parser.Tag, newFullyQualifiedTypeName=org.jsoup.parser.tags.Tag}
[WARNING]         org.openrewrite.java.ChangeType: {oldFullyQualifiedTypeName=org.jsoup.parser.TagSet, newFullyQualifiedTypeName=org.jsoup.parser.tags.TagSet}
[WARNING] Changes have been made to src/main/java/org/jsoup/nodes/FormElement.java by:
[WARNING]     org.openrewrite.java.ChangeType: {oldFullyQualifiedTypeName=org.jsoup.parser.Tag, newFullyQualifiedTypeName=org.jsoup.parser.tags.Tag}
[WARNING] Changes have been made to src/main/java/org/jsoup/nodes/Printer.java by:
[WARNING]     org.openrewrite.java.ChangeType: {oldFullyQualifiedTypeName=org.jsoup.parser.Tag, newFullyQualifiedTypeName=org.jsoup.parser.tags.Tag}
[WARNING] Changes have been made to src/main/java/org/jsoup/select/Evaluator.java by:
[WARNING]     org.openrewrite.java.ChangeType: {oldFullyQualifiedTypeName=org.jsoup.parser.Tag, newFullyQualifiedTypeName=org.jsoup.parser.tags.Tag}
[WARNING] Changes have been made to src/main/java/org/jsoup/parser/Parser.java by:
[WARNING]     org.openrewrite.java.ChangeType: {oldFullyQualifiedTypeName=org.jsoup.parser.TagSet, newFullyQualifiedTypeName=org.jsoup.parser.tags.TagSet}
[WARNING] Changes have been made to src/main/java/org/jsoup/parser/HtmlTreeBuilderState.java by:
[WARNING]     org.openrewrite.java.ChangeType: {oldFullyQualifiedTypeName=org.jsoup.parser.Tag, newFullyQualifiedTypeName=org.jsoup.parser.tags.Tag}
[WARNING] Changes have been made to src/main/java/org/jsoup/parser/TreeBuilder.java by:
[WARNING]     org.openrewrite.java.ChangeType: {oldFullyQualifiedTypeName=org.jsoup.parser.Tag, newFullyQualifiedTypeName=org.jsoup.parser.tags.Tag}
[WARNING]         org.openrewrite.java.ChangeType: {oldFullyQualifiedTypeName=org.jsoup.parser.TagSet, newFullyQualifiedTypeName=org.jsoup.parser.tags.TagSet}
[WARNING] Changes have been made to src/main/java/org/jsoup/parser/HtmlTreeBuilder.java by:
[WARNING]     org.openrewrite.java.ChangeType: {oldFullyQualifiedTypeName=org.jsoup.parser.Tag, newFullyQualifiedTypeName=org.jsoup.parser.tags.Tag}
[WARNING]         org.openrewrite.java.ChangeType: {oldFullyQualifiedTypeName=org.jsoup.parser.HtmlTagOptions, newFullyQualifiedTypeName=org.jsoup.parser.tags.HtmlTagOptions}
[WARNING] Changes have been made to src/main/java/org/jsoup/parser/XmlTreeBuilder.java by:
[WARNING]     org.openrewrite.java.ChangeType: {oldFullyQualifiedTypeName=org.jsoup.parser.Tag, newFullyQualifiedTypeName=org.jsoup.parser.tags.Tag}
[WARNING]         org.openrewrite.java.ChangeType: {oldFullyQualifiedTypeName=org.jsoup.parser.TagSet, newFullyQualifiedTypeName=org.jsoup.parser.tags.TagSet}
[WARNING] Changes have been made to src/test/java/org/jsoup/safety/SafelistTest.java by:
[WARNING]     org.openrewrite.java.ChangeType: {oldFullyQualifiedTypeName=org.jsoup.parser.Tag, newFullyQualifiedTypeName=org.jsoup.parser.tags.Tag}
[WARNING] Changes have been made to src/test/java/org/jsoup/safety/CleanerTest.java by:
[WARNING]     org.openrewrite.java.ChangeType: {oldFullyQualifiedTypeName=org.jsoup.parser.Tag, newFullyQualifiedTypeName=org.jsoup.parser.tags.Tag}
[WARNING]         org.openrewrite.java.ChangeType: {oldFullyQualifiedTypeName=org.jsoup.parser.TagSet, newFullyQualifiedTypeName=org.jsoup.parser.tags.TagSet}
[WARNING] Changes have been made to src/test/java/org/jsoup/nodes/ElementTest.java by:
[WARNING]     org.openrewrite.java.ChangeType: {oldFullyQualifiedTypeName=org.jsoup.parser.Tag, newFullyQualifiedTypeName=org.jsoup.parser.tags.Tag}
[WARNING]         org.openrewrite.java.ChangeType: {oldFullyQualifiedTypeName=org.jsoup.parser.TagSet, newFullyQualifiedTypeName=org.jsoup.parser.tags.TagSet}
[WARNING] Changes have been made to src/test/java/org/jsoup/nodes/NodeTest.java by:
[WARNING]     org.openrewrite.java.ChangeType: {oldFullyQualifiedTypeName=org.jsoup.parser.Tag, newFullyQualifiedTypeName=org.jsoup.parser.tags.Tag}
[WARNING] Changes have been made to src/test/java/org/jsoup/nodes/DocumentTest.java by:
[WARNING]     org.openrewrite.java.ChangeType: {oldFullyQualifiedTypeName=org.jsoup.parser.Tag, newFullyQualifiedTypeName=org.jsoup.parser.tags.Tag}
[WARNING]         org.openrewrite.java.ChangeType: {oldFullyQualifiedTypeName=org.jsoup.parser.TagSet, newFullyQualifiedTypeName=org.jsoup.parser.tags.TagSet}
[WARNING] Changes have been made to src/test/java/org/jsoup/select/CssTest.java by:
[WARNING]     org.openrewrite.java.ChangeType: {oldFullyQualifiedTypeName=org.jsoup.parser.Tag, newFullyQualifiedTypeName=org.jsoup.parser.tags.Tag}
[WARNING] Changes have been made to src/test/java/org/jsoup/parser/TagTest.java by:
[WARNING]     org.openrewrite.java.ChangeType: {oldFullyQualifiedTypeName=org.jsoup.parser.Tag, newFullyQualifiedTypeName=org.jsoup.parser.tags.Tag}
[WARNING]         org.openrewrite.java.ChangeType: {oldFullyQualifiedTypeName=org.jsoup.parser.TagSet, newFullyQualifiedTypeName=org.jsoup.parser.tags.TagSet}
[WARNING] Changes have been made to src/test/java/org/jsoup/parser/PositionTest.java by:
[WARNING]     org.openrewrite.java.ChangeType: {oldFullyQualifiedTypeName=org.jsoup.parser.Tag, newFullyQualifiedTypeName=org.jsoup.parser.tags.Tag}
[WARNING]         org.openrewrite.java.ChangeType: {oldFullyQualifiedTypeName=org.jsoup.parser.TagSet, newFullyQualifiedTypeName=org.jsoup.parser.tags.TagSet}
[WARNING] Changes have been made to src/test/java/org/jsoup/parser/XmlTreeBuilderTest.java by:
[WARNING]     org.openrewrite.java.ChangeType: {oldFullyQualifiedTypeName=org.jsoup.parser.Tag, newFullyQualifiedTypeName=org.jsoup.parser.tags.Tag}
[WARNING]         org.openrewrite.java.ChangeType: {oldFullyQualifiedTypeName=org.jsoup.parser.TagSet, newFullyQualifiedTypeName=org.jsoup.parser.tags.TagSet}
[WARNING] Changes have been made to src/test/java/org/jsoup/parser/HtmlParserTest.java by:
[WARNING]     org.openrewrite.java.ChangeType: {oldFullyQualifiedTypeName=org.jsoup.parser.Tag, newFullyQualifiedTypeName=org.jsoup.parser.tags.Tag}
[WARNING]         org.openrewrite.java.ChangeType: {oldFullyQualifiedTypeName=org.jsoup.parser.TagSet, newFullyQualifiedTypeName=org.jsoup.parser.tags.TagSet}
[WARNING] Changes have been made to src/test/java/org/jsoup/parser/HtmlTreeBuilderStateTest.java by:
[WARNING]     org.openrewrite.java.ChangeType: {oldFullyQualifiedTypeName=org.jsoup.parser.Tag, newFullyQualifiedTypeName=org.jsoup.parser.tags.Tag}
[WARNING] Changes have been made to src/test/java/org/jsoup/parser/HtmlTreeBuilderTest.java by:
[WARNING]     org.openrewrite.java.ChangeType: {oldFullyQualifiedTypeName=org.jsoup.parser.Tag, newFullyQualifiedTypeName=org.jsoup.parser.tags.Tag}
[WARNING]         org.openrewrite.java.ChangeType: {oldFullyQualifiedTypeName=org.jsoup.parser.TagSet, newFullyQualifiedTypeName=org.jsoup.parser.tags.TagSet}
[WARNING]             org.openrewrite.java.ChangeType: {oldFullyQualifiedTypeName=org.jsoup.parser.HtmlTagOptions, newFullyQualifiedTypeName=org.jsoup.parser.tags.HtmlTagOptions}
[WARNING] Changes have been made to src/test/java/org/jsoup/parser/TokeniserStateTest.java by:
[WARNING]     org.openrewrite.java.ChangeType: {oldFullyQualifiedTypeName=org.jsoup.parser.Tag, newFullyQualifiedTypeName=org.jsoup.parser.tags.Tag}
[WARNING]         org.openrewrite.java.ChangeType: {oldFullyQualifiedTypeName=org.jsoup.parser.TagSet, newFullyQualifiedTypeName=org.jsoup.parser.tags.TagSet}
[WARNING] Changes have been made to src/test/java/org/jsoup/parser/TagSetTest.java by:
[WARNING]     org.openrewrite.java.ChangeType: {oldFullyQualifiedTypeName=org.jsoup.parser.Tag, newFullyQualifiedTypeName=org.jsoup.parser.tags.Tag}
[WARNING]         org.openrewrite.java.ChangeType: {oldFullyQualifiedTypeName=org.jsoup.parser.TagSet, newFullyQualifiedTypeName=org.jsoup.parser.tags.TagSet}
[WARNING] Changes have been made to src/test/java/org/jsoup/parser/ParserTest.java by:
[WARNING]     org.openrewrite.java.ChangeType: {oldFullyQualifiedTypeName=org.jsoup.parser.Tag, newFullyQualifiedTypeName=org.jsoup.parser.tags.Tag}
[WARNING]         org.openrewrite.java.ChangeType: {oldFullyQualifiedTypeName=org.jsoup.parser.TagSet, newFullyQualifiedTypeName=org.jsoup.parser.tags.TagSet}
[WARNING] Changes have been made to src/test/java/org/jsoup/integration/SessionTest.java by:
[WARNING]     org.openrewrite.java.ChangeType: {oldFullyQualifiedTypeName=org.jsoup.parser.Tag, newFullyQualifiedTypeName=org.jsoup.parser.tags.Tag}
[WARNING]         org.openrewrite.java.ChangeType: {oldFullyQualifiedTypeName=org.jsoup.parser.TagSet, newFullyQualifiedTypeName=org.jsoup.parser.tags.TagSet}
[WARNING] Please review and commit the results.
[WARNING] Estimate time saved: 4h 20m
[INFO] ------------------------------------------------------------------------
[INFO] BUILD SUCCESS
[INFO] ------------------------------------------------------------------------
[INFO] Total time:  11.248 s
[INFO] Finished at: 2026-06-16T10:56:00-03:00
[INFO] ------------------------------------------------------------------------
