28-05-2026 13:49:55: Searching classpath folders ...
28-05-2026 13:49:55: Could not find any classpath folder.
DesigniteJava Professional. Version 2.8.3.0
Copyright (C) 2026 Designite. All rights reserved.
28-05-2026 13:49:56: Parsing the source code ...
28-05-2026 13:50:44: Resolving symbols...
28-05-2026 13:51:02: Computing metrics...
28-05-2026 13:51:04: Detecting code smells...
28-05-2026 13:51:11: Exporting analysis results...
wrapping up ...
--Analysis summary--
	Total LOC analyzed: 135883	Number of packages: 20
	Number of classes: 1100	Number of methods: 9418
-Total architecture smell instances detected-
	Cyclic dependency: 13	God component: 8
	Ambiguous interface: 0 	Feature concentration: 9
	Unstable dependency: 5	Scattered functionality: 0
	Dense structure: 1
-Total design smell instances detected-
	Imperative abstraction: 0	Multifaceted abstraction: 3
	Unnecessary abstraction: 480	Unutilized abstraction: 310
	Feature envy: 0	Deficient encapsulation: 47
	Unexploited encapsulation: 0	Broken modularization: 25
	Cyclically-dependent modularization: 8	Hub-like modularization: 0
	Insufficient modularization: 48	Broken hierarchy: 21
	Cyclic hierarchy: 3	Deep hierarchy: 0
	Missing hierarchy: 0	Multipath hierarchy: 0
	Rebellious hierarchy: 1	Wide hierarchy: 2
-Total testability smell instances detected-
	Hard-wired dependency: 0	Global state: 78
	Excessive dependency: 8	Law of Demeter violation: 31
-Total implementation smell instances detected-
	Abstract function call from constructor: 0	Complex conditional: 107
	Complex method: 84	Empty catch clause: 16
	Long identifier: 101	Long method: 5
	Long parameter list: 78	Long statement: 132
	Magic number: 459	Missing default: 3
-Total test smell instances detected-
	Assertion roulette: 2951	Missing assertion: 242
	Empty test: 1	Ignored test: 0
	Constructor initialization: 13	Eager test: 0
	Exceptional handling: 187	Conditional test logic: 53
----
28-05-2026 13:51:20: Done.

