[INFO] Scanning for projects...
Downloading from central: https://repo.maven.apache.org/maven2/org/openrewrite/maven/rewrite-maven-plugin/maven-metadata.xml
Progress (1): 4.7 kB
Progress (1): 8.8 kB
Progress (1): 9.1 kB
                    
Downloaded from central: https://repo.maven.apache.org/maven2/org/openrewrite/maven/rewrite-maven-plugin/maven-metadata.xml (9.1 kB at 27 kB/s)
[INFO] 
[INFO] ------------------< org.apache.commons:commons-lang3 >------------------
[INFO] Building Apache Commons Lang 3.21.0-SNAPSHOT
[INFO]   from pom.xml
[INFO] --------------------------------[ jar ]---------------------------------
[INFO] 
[INFO] --- rewrite:6.41.0:runNoFork (default-cli) @ commons-lang3 ---
[INFO] Using active recipe(s) [source_refactor.MoveClassBlock1]
[INFO] Using active styles(s) []
[INFO] Validating active recipes...
[INFO] Project [Apache Commons Lang] Resolving Poms...
[INFO] Project [Apache Commons Lang] Parsing source files
[INFO] Running recipe(s)...
[WARNING] File has been moved from src/main/java/org/apache/commons/lang3/function/ByteConsumer.java to src/main/java/org/apache/commons/lang3/function/primitives/ByteConsumer.java by:
[WARNING]     org.openrewrite.java.ChangeType: {oldFullyQualifiedTypeName=org.apache.commons.lang3.function.ByteConsumer, newFullyQualifiedTypeName=org.apache.commons.lang3.function.primitives.ByteConsumer}
[WARNING] File has been moved from src/main/java/org/apache/commons/lang3/function/BooleanConsumer.java to src/main/java/org/apache/commons/lang3/function/primitives/BooleanConsumer.java by:
[WARNING]     org.openrewrite.java.ChangeType: {oldFullyQualifiedTypeName=org.apache.commons.lang3.function.BooleanConsumer, newFullyQualifiedTypeName=org.apache.commons.lang3.function.primitives.BooleanConsumer}
[WARNING] File has been moved from src/main/java/org/apache/commons/lang3/function/ByteSupplier.java to src/main/java/org/apache/commons/lang3/function/primitives/ByteSupplier.java by:
[WARNING]     org.openrewrite.java.ChangeType: {oldFullyQualifiedTypeName=org.apache.commons.lang3.function.ByteSupplier, newFullyQualifiedTypeName=org.apache.commons.lang3.function.primitives.ByteSupplier}
[WARNING] Changes have been made to src/main/java/org/apache/commons/lang3/function/FailableByteConsumer.java by:
[WARNING]     org.openrewrite.java.ChangeType: {oldFullyQualifiedTypeName=org.apache.commons.lang3.function.ByteConsumer, newFullyQualifiedTypeName=org.apache.commons.lang3.function.primitives.ByteConsumer}
[WARNING] Changes have been made to src/test/java/org/apache/commons/lang3/function/ByteConsumerTest.java by:
[WARNING]     org.openrewrite.java.ChangeType: {oldFullyQualifiedTypeName=org.apache.commons.lang3.function.ByteConsumer, newFullyQualifiedTypeName=org.apache.commons.lang3.function.primitives.ByteConsumer}
[WARNING] Changes have been made to src/test/java/org/apache/commons/lang3/function/BooleanConsumerTest.java by:
[WARNING]     org.openrewrite.java.ChangeType: {oldFullyQualifiedTypeName=org.apache.commons.lang3.function.BooleanConsumer, newFullyQualifiedTypeName=org.apache.commons.lang3.function.primitives.BooleanConsumer}
[WARNING] Changes have been made to src/test/java/org/apache/commons/lang3/function/ByteSupplierTest.java by:
[WARNING]     org.openrewrite.java.ChangeType: {oldFullyQualifiedTypeName=org.apache.commons.lang3.function.ByteSupplier, newFullyQualifiedTypeName=org.apache.commons.lang3.function.primitives.ByteSupplier}
[WARNING] Please review and commit the results.
[WARNING] Estimate time saved: 35m
[INFO] ------------------------------------------------------------------------
[INFO] BUILD SUCCESS
[INFO] ------------------------------------------------------------------------
[INFO] Total time:  18.017 s
[INFO] Finished at: 2026-06-15T17:31:49-03:00
[INFO] ------------------------------------------------------------------------
