[ERROR] COMPILATION ERROR : 
[ERROR] /data/henrique/langchain_prototype/new/data/repositories/jsoup/src/main/java/org/jsoup/parser/tags/Tag.java:[222,65] cannot find symbol
  symbol:   class ParseSettings
  location: class org.jsoup.parser.tags.Tag
[ERROR] /data/henrique/langchain_prototype/new/data/repositories/jsoup/src/main/java/org/jsoup/parser/tags/Tag.java:[251,47] cannot find symbol
  symbol:   class ParseSettings
  location: class org.jsoup.parser.tags.Tag
[ERROR] /data/henrique/langchain_prototype/new/data/repositories/jsoup/src/main/java/org/jsoup/parser/tags/Tag.java:[344,15] cannot find symbol
  symbol:   class TokeniserState
  location: class org.jsoup.parser.tags.Tag
[ERROR] /data/henrique/langchain_prototype/new/data/repositories/jsoup/src/main/java/org/jsoup/parser/tags/TagSet.java:[175,58] cannot find symbol
  symbol:   class ParseSettings
  location: class org.jsoup.parser.tags.TagSet
[ERROR] /data/henrique/langchain_prototype/new/data/repositories/jsoup/src/main/java/org/jsoup/select/Evaluator.java:[1072,24] cannot find symbol
  symbol:   method valueOf(java.lang.String,java.lang.String,org.jsoup.parser.ParseSettings)
  location: class org.jsoup.select.Evaluator.Tag
[ERROR] /data/henrique/langchain_prototype/new/data/repositories/jsoup/src/main/java/org/jsoup/parser/tags/Tag.java:[55,23] cannot find symbol
  symbol:   variable ParseSettings
  location: class org.jsoup.parser.tags.Tag
[ERROR] /data/henrique/langchain_prototype/new/data/repositories/jsoup/src/main/java/org/jsoup/parser/tags/Tag.java:[66,23] cannot find symbol
  symbol:   variable ParseSettings
  location: class org.jsoup.parser.tags.Tag
[ERROR] /data/henrique/langchain_prototype/new/data/repositories/jsoup/src/main/java/org/jsoup/parser/tags/Tag.java:[102,27] cannot find symbol
  symbol:   variable ParseSettings
  location: class org.jsoup.parser.tags.Tag
[ERROR] /data/henrique/langchain_prototype/new/data/repositories/jsoup/src/main/java/org/jsoup/parser/tags/Tag.java:[237,48] cannot find symbol
  symbol:   variable ParseSettings
  location: class org.jsoup.parser.tags.Tag
[ERROR] /data/henrique/langchain_prototype/new/data/repositories/jsoup/src/main/java/org/jsoup/parser/tags/Tag.java:[345,32] cannot find symbol
  symbol:   variable TokeniserState
  location: class org.jsoup.parser.tags.Tag
[ERROR] /data/henrique/langchain_prototype/new/data/repositories/jsoup/src/main/java/org/jsoup/parser/tags/Tag.java:[346,32] cannot find symbol
  symbol:   variable TokeniserState
  location: class org.jsoup.parser.tags.Tag
[ERROR] /data/henrique/langchain_prototype/new/data/repositories/jsoup/src/main/java/org/jsoup/parser/TreeBuilder.java:[264,22] method valueOf in class org.jsoup.parser.tags.TagSet cannot be applied to given types;
  required: java.lang.String,java.lang.String,java.lang.String,boolean
  found:    java.lang.String,java.lang.String,java.lang.String,boolean
  reason: valueOf(java.lang.String,@org.jspecify.annotations.Nullable java.lang.String,java.lang.String,boolean) is not public in org.jsoup.parser.tags.TagSet; cannot be accessed from outside package
[ERROR] /data/henrique/langchain_prototype/new/data/repositories/jsoup/src/main/java/org/jsoup/parser/TreeBuilder.java:[268,22] method valueOf in class org.jsoup.parser.tags.TagSet cannot be applied to given types;
  required: java.lang.String,java.lang.String,java.lang.String,boolean
  found:    java.lang.String,java.lang.String,java.lang.String,boolean
  reason: valueOf(java.lang.String,@org.jspecify.annotations.Nullable java.lang.String,java.lang.String,boolean) is not public in org.jsoup.parser.tags.TagSet; cannot be accessed from outside package
[ERROR] /data/henrique/langchain_prototype/new/data/repositories/jsoup/src/main/java/org/jsoup/parser/tags/TagSet.java:[147,46] cannot find symbol
  symbol:   variable ParseSettings
  location: class org.jsoup.parser.tags.TagSet
[ERROR] /data/henrique/langchain_prototype/new/data/repositories/jsoup/src/main/java/org/jsoup/parser/tags/TagSet.java:[189,44] cannot find symbol
  symbol:   variable ParseSettings
  location: class org.jsoup.parser.tags.TagSet
[ERROR] /data/henrique/langchain_prototype/new/data/repositories/jsoup/src/main/java/org/jsoup/parser/HtmlTreeBuilderState.java:[137,68] textState() is not public in org.jsoup.parser.tags.Tag; cannot be accessed from outside package
[ERROR] /data/henrique/langchain_prototype/new/data/repositories/jsoup/src/main/java/org/jsoup/parser/HtmlTreeBuilderState.java:[139,68] textState() is not public in org.jsoup.parser.tags.Tag; cannot be accessed from outside package
[ERROR] /data/henrique/langchain_prototype/new/data/repositories/jsoup/src/main/java/org/jsoup/parser/HtmlTreeBuilderState.java:[481,70] textState() is not public in org.jsoup.parser.tags.Tag; cannot be accessed from outside package
[ERROR] /data/henrique/langchain_prototype/new/data/repositories/jsoup/src/main/java/org/jsoup/parser/HtmlTreeBuilderState.java:[489,70] textState() is not public in org.jsoup.parser.tags.Tag; cannot be accessed from outside package
[ERROR] /data/henrique/langchain_prototype/new/data/repositories/jsoup/src/main/java/org/jsoup/parser/HtmlTreeBuilderState.java:[493,70] textState() is not public in org.jsoup.parser.tags.Tag; cannot be accessed from outside package
[ERROR] /data/henrique/langchain_prototype/new/data/repositories/jsoup/src/main/java/org/jsoup/parser/HtmlTreeBuilderState.java:[497,70] textState() is not public in org.jsoup.parser.tags.Tag; cannot be accessed from outside package
[ERROR] /data/henrique/langchain_prototype/new/data/repositories/jsoup/src/main/java/org/jsoup/parser/HtmlTreeBuilderState.java:[625,51] textState() is not public in org.jsoup.parser.tags.Tag; cannot be accessed from outside package
[ERROR] /data/henrique/langchain_prototype/new/data/repositories/jsoup/src/main/java/org/jsoup/parser/HtmlTreeBuilderState.java:[1811,122] textState() is not public in org.jsoup.parser.tags.Tag; cannot be accessed from outside package
[ERROR] /data/henrique/langchain_prototype/new/data/repositories/jsoup/src/main/java/org/jsoup/parser/HtmlTreeBuilder.java:[113,51] textState() is not public in org.jsoup.parser.tags.Tag; cannot be accessed from outside package
[ERROR] /data/henrique/langchain_prototype/new/data/repositories/jsoup/src/main/java/org/jsoup/parser/HtmlTreeBuilder.java:[313,16] setSeenSelfClose() is not public in org.jsoup.parser.tags.Tag; cannot be accessed from outside package
[ERROR] /data/henrique/langchain_prototype/new/data/repositories/jsoup/src/main/java/org/jsoup/parser/HtmlTreeBuilder.java:[341,21] setSeenSelfClose() is not public in org.jsoup.parser.tags.Tag; cannot be accessed from outside package
[ERROR] /data/henrique/langchain_prototype/new/data/repositories/jsoup/src/main/java/org/jsoup/parser/HtmlTreeBuilder.java:[376,44] namespace is not public in org.jsoup.parser.tags.Tag; cannot be accessed from outside package
[ERROR] /data/henrique/langchain_prototype/new/data/repositories/jsoup/src/main/java/org/jsoup/parser/HtmlTreeBuilder.java:[696,20] hasParserOption(int) is not public in org.jsoup.parser.tags.Tag; cannot be accessed from outside package
[ERROR] /data/henrique/langchain_prototype/new/data/repositories/jsoup/src/main/java/org/jsoup/parser/HtmlTreeBuilder.java:[711,51] Scope is not public in org.jsoup.parser.tags.HtmlTagOptions; cannot be accessed from outside package
[ERROR] /data/henrique/langchain_prototype/new/data/repositories/jsoup/src/main/java/org/jsoup/parser/HtmlTreeBuilder.java:[711,20] hasParserOption(int) is not public in org.jsoup.parser.tags.Tag; cannot be accessed from outside package
[ERROR] /data/henrique/langchain_prototype/new/data/repositories/jsoup/src/main/java/org/jsoup/parser/HtmlTreeBuilder.java:[718,58] Scope is not public in org.jsoup.parser.tags.HtmlTagOptions; cannot be accessed from outside package
[ERROR] /data/henrique/langchain_prototype/new/data/repositories/jsoup/src/main/java/org/jsoup/parser/HtmlTreeBuilder.java:[722,58] Scope is not public in org.jsoup.parser.tags.HtmlTagOptions; cannot be accessed from outside package
[ERROR] /data/henrique/langchain_prototype/new/data/repositories/jsoup/src/main/java/org/jsoup/parser/HtmlTreeBuilder.java:[722,81] ListScope is not public in org.jsoup.parser.tags.HtmlTagOptions; cannot be accessed from outside package
[ERROR] /data/henrique/langchain_prototype/new/data/repositories/jsoup/src/main/java/org/jsoup/parser/HtmlTreeBuilder.java:[726,58] Scope is not public in org.jsoup.parser.tags.HtmlTagOptions; cannot be accessed from outside package
[ERROR] /data/henrique/langchain_prototype/new/data/repositories/jsoup/src/main/java/org/jsoup/parser/HtmlTreeBuilder.java:[726,81] ButtonScope is not public in org.jsoup.parser.tags.HtmlTagOptions; cannot be accessed from outside package
[ERROR] /data/henrique/langchain_prototype/new/data/repositories/jsoup/src/main/java/org/jsoup/parser/HtmlTreeBuilder.java:[730,58] TableScope is not public in org.jsoup.parser.tags.HtmlTagOptions; cannot be accessed from outside package
[ERROR] /data/henrique/langchain_prototype/new/data/repositories/jsoup/src/main/java/org/jsoup/parser/HtmlTreeBuilder.java:[740,57] SelectScopeMember is not public in org.jsoup.parser.tags.HtmlTagOptions; cannot be accessed from outside package
[ERROR] /data/henrique/langchain_prototype/new/data/repositories/jsoup/src/main/java/org/jsoup/parser/HtmlTreeBuilder.java:[740,26] hasParserOption(int) is not public in org.jsoup.parser.tags.Tag; cannot be accessed from outside package
[ERROR] /data/henrique/langchain_prototype/new/data/repositories/jsoup/src/main/java/org/jsoup/parser/HtmlTreeBuilder.java:[806,69] ImpliedEnd is not public in org.jsoup.parser.tags.HtmlTagOptions; cannot be accessed from outside package
[ERROR] /data/henrique/langchain_prototype/new/data/repositories/jsoup/src/main/java/org/jsoup/parser/HtmlTreeBuilder.java:[806,38] hasParserOption(int) is not public in org.jsoup.parser.tags.Tag; cannot be accessed from outside package
[ERROR] /data/henrique/langchain_prototype/new/data/repositories/jsoup/src/main/java/org/jsoup/parser/HtmlTreeBuilder.java:[822,53] ThoroughImpliedEnd is not public in org.jsoup.parser.tags.HtmlTagOptions; cannot be accessed from outside package
[ERROR] /data/henrique/langchain_prototype/new/data/repositories/jsoup/src/main/java/org/jsoup/parser/HtmlTreeBuilder.java:[822,89] ImpliedEnd is not public in org.jsoup.parser.tags.HtmlTagOptions; cannot be accessed from outside package
[ERROR] /data/henrique/langchain_prototype/new/data/repositories/jsoup/src/main/java/org/jsoup/parser/HtmlTreeBuilder.java:[825,21] hasParserOption(int) is not public in org.jsoup.parser.tags.Tag; cannot be accessed from outside package
[ERROR] /data/henrique/langchain_prototype/new/data/repositories/jsoup/src/main/java/org/jsoup/parser/HtmlTreeBuilder.java:[838,55] Special is not public in org.jsoup.parser.tags.HtmlTagOptions; cannot be accessed from outside package
[ERROR] /data/henrique/langchain_prototype/new/data/repositories/jsoup/src/main/java/org/jsoup/parser/HtmlTreeBuilder.java:[838,24] hasParserOption(int) is not public in org.jsoup.parser.tags.Tag; cannot be accessed from outside package
[ERROR] /data/henrique/langchain_prototype/new/data/repositories/jsoup/src/main/java/org/jsoup/parser/XmlTreeBuilder.java:[69,49] textState() is not public in org.jsoup.parser.tags.Tag; cannot be accessed from outside package
[ERROR] /data/henrique/langchain_prototype/new/data/repositories/jsoup/src/main/java/org/jsoup/parser/XmlTreeBuilder.java:[172,16] setSeenSelfClose() is not public in org.jsoup.parser.tags.Tag; cannot be accessed from outside package
[ERROR] /data/henrique/langchain_prototype/new/data/repositories/jsoup/src/main/java/org/jsoup/parser/XmlTreeBuilder.java:[177,43] textState() is not public in org.jsoup.parser.tags.Tag; cannot be accessed from outside package
[ERROR] Failed to execute goal org.apache.maven.plugins:maven-compiler-plugin:3.15.0:compile (compile-java8-base) on project jsoup: Compilation failure: Compilation failure: 
[ERROR] /data/henrique/langchain_prototype/new/data/repositories/jsoup/src/main/java/org/jsoup/parser/tags/Tag.java:[222,65] cannot find symbol
[ERROR]   symbol:   class ParseSettings
[ERROR]   location: class org.jsoup.parser.tags.Tag
[ERROR] /data/henrique/langchain_prototype/new/data/repositories/jsoup/src/main/java/org/jsoup/parser/tags/Tag.java:[251,47] cannot find symbol
[ERROR]   symbol:   class ParseSettings
[ERROR]   location: class org.jsoup.parser.tags.Tag
[ERROR] /data/henrique/langchain_prototype/new/data/repositories/jsoup/src/main/java/org/jsoup/parser/tags/Tag.java:[344,15] cannot find symbol
[ERROR]   symbol:   class TokeniserState
[ERROR]   location: class org.jsoup.parser.tags.Tag
[ERROR] /data/henrique/langchain_prototype/new/data/repositories/jsoup/src/main/java/org/jsoup/parser/tags/TagSet.java:[175,58] cannot find symbol
[ERROR]   symbol:   class ParseSettings
[ERROR]   location: class org.jsoup.parser.tags.TagSet
[ERROR] /data/henrique/langchain_prototype/new/data/repositories/jsoup/src/main/java/org/jsoup/select/Evaluator.java:[1072,24] cannot find symbol
[ERROR]   symbol:   method valueOf(java.lang.String,java.lang.String,org.jsoup.parser.ParseSettings)
[ERROR]   location: class org.jsoup.select.Evaluator.Tag
[ERROR] /data/henrique/langchain_prototype/new/data/repositories/jsoup/src/main/java/org/jsoup/parser/tags/Tag.java:[55,23] cannot find symbol
[ERROR]   symbol:   variable ParseSettings
[ERROR]   location: class org.jsoup.parser.tags.Tag
[ERROR] /data/henrique/langchain_prototype/new/data/repositories/jsoup/src/main/java/org/jsoup/parser/tags/Tag.java:[66,23] cannot find symbol
[ERROR]   symbol:   variable ParseSettings
[ERROR]   location: class org.jsoup.parser.tags.Tag
[ERROR] /data/henrique/langchain_prototype/new/data/repositories/jsoup/src/main/java/org/jsoup/parser/tags/Tag.java:[102,27] cannot find symbol
[ERROR]   symbol:   variable ParseSettings
[ERROR]   location: class org.jsoup.parser.tags.Tag
[ERROR] /data/henrique/langchain_prototype/new/data/repositories/jsoup/src/main/java/org/jsoup/parser/tags/Tag.java:[237,48] cannot find symbol
[ERROR]   symbol:   variable ParseSettings
[ERROR]   location: class org.jsoup.parser.tags.Tag
[ERROR] /data/henrique/langchain_prototype/new/data/repositories/jsoup/src/main/java/org/jsoup/parser/tags/Tag.java:[345,32] cannot find symbol
[ERROR]   symbol:   variable TokeniserState
[ERROR]   location: class org.jsoup.parser.tags.Tag
[ERROR] /data/henrique/langchain_prototype/new/data/repositories/jsoup/src/main/java/org/jsoup/parser/tags/Tag.java:[346,32] cannot find symbol
[ERROR]   symbol:   variable TokeniserState
[ERROR]   location: class org.jsoup.parser.tags.Tag
[ERROR] /data/henrique/langchain_prototype/new/data/repositories/jsoup/src/main/java/org/jsoup/parser/TreeBuilder.java:[264,22] method valueOf in class org.jsoup.parser.tags.TagSet cannot be applied to given types;
[ERROR]   required: java.lang.String,java.lang.String,java.lang.String,boolean
[ERROR]   found:    java.lang.String,java.lang.String,java.lang.String,boolean
[ERROR]   reason: valueOf(java.lang.String,@org.jspecify.annotations.Nullable java.lang.String,java.lang.String,boolean) is not public in org.jsoup.parser.tags.TagSet; cannot be accessed from outside package
[ERROR] /data/henrique/langchain_prototype/new/data/repositories/jsoup/src/main/java/org/jsoup/parser/TreeBuilder.java:[268,22] method valueOf in class org.jsoup.parser.tags.TagSet cannot be applied to given types;
[ERROR]   required: java.lang.String,java.lang.String,java.lang.String,boolean
[ERROR]   found:    java.lang.String,java.lang.String,java.lang.String,boolean
[ERROR]   reason: valueOf(java.lang.String,@org.jspecify.annotations.Nullable java.lang.String,java.lang.String,boolean) is not public in org.jsoup.parser.tags.TagSet; cannot be accessed from outside package
[ERROR] /data/henrique/langchain_prototype/new/data/repositories/jsoup/src/main/java/org/jsoup/parser/tags/TagSet.java:[147,46] cannot find symbol
[ERROR]   symbol:   variable ParseSettings
[ERROR]   location: class org.jsoup.parser.tags.TagSet
[ERROR] /data/henrique/langchain_prototype/new/data/repositories/jsoup/src/main/java/org/jsoup/parser/tags/TagSet.java:[189,44] cannot find symbol
[ERROR]   symbol:   variable ParseSettings
[ERROR]   location: class org.jsoup.parser.tags.TagSet
[ERROR] /data/henrique/langchain_prototype/new/data/repositories/jsoup/src/main/java/org/jsoup/parser/HtmlTreeBuilderState.java:[137,68] textState() is not public in org.jsoup.parser.tags.Tag; cannot be accessed from outside package
[ERROR] /data/henrique/langchain_prototype/new/data/repositories/jsoup/src/main/java/org/jsoup/parser/HtmlTreeBuilderState.java:[139,68] textState() is not public in org.jsoup.parser.tags.Tag; cannot be accessed from outside package
[ERROR] /data/henrique/langchain_prototype/new/data/repositories/jsoup/src/main/java/org/jsoup/parser/HtmlTreeBuilderState.java:[481,70] textState() is not public in org.jsoup.parser.tags.Tag; cannot be accessed from outside package
[ERROR] /data/henrique/langchain_prototype/new/data/repositories/jsoup/src/main/java/org/jsoup/parser/HtmlTreeBuilderState.java:[489,70] textState() is not public in org.jsoup.parser.tags.Tag; cannot be accessed from outside package
[ERROR] /data/henrique/langchain_prototype/new/data/repositories/jsoup/src/main/java/org/jsoup/parser/HtmlTreeBuilderState.java:[493,70] textState() is not public in org.jsoup.parser.tags.Tag; cannot be accessed from outside package
[ERROR] /data/henrique/langchain_prototype/new/data/repositories/jsoup/src/main/java/org/jsoup/parser/HtmlTreeBuilderState.java:[497,70] textState() is not public in org.jsoup.parser.tags.Tag; cannot be accessed from outside package
[ERROR] /data/henrique/langchain_prototype/new/data/repositories/jsoup/src/main/java/org/jsoup/parser/HtmlTreeBuilderState.java:[625,51] textState() is not public in org.jsoup.parser.tags.Tag; cannot be accessed from outside package
[ERROR] /data/henrique/langchain_prototype/new/data/repositories/jsoup/src/main/java/org/jsoup/parser/HtmlTreeBuilderState.java:[1811,122] textState() is not public in org.jsoup.parser.tags.Tag; cannot be accessed from outside package
[ERROR] /data/henrique/langchain_prototype/new/data/repositories/jsoup/src/main/java/org/jsoup/parser/HtmlTreeBuilder.java:[113,51] textState() is not public in org.jsoup.parser.tags.Tag; cannot be accessed from outside package
[ERROR] /data/henrique/langchain_prototype/new/data/repositories/jsoup/src/main/java/org/jsoup/parser/HtmlTreeBuilder.java:[313,16] setSeenSelfClose() is not public in org.jsoup.parser.tags.Tag; cannot be accessed from outside package
[ERROR] /data/henrique/langchain_prototype/new/data/repositories/jsoup/src/main/java/org/jsoup/parser/HtmlTreeBuilder.java:[341,21] setSeenSelfClose() is not public in org.jsoup.parser.tags.Tag; cannot be accessed from outside package
[ERROR] /data/henrique/langchain_prototype/new/data/repositories/jsoup/src/main/java/org/jsoup/parser/HtmlTreeBuilder.java:[376,44] namespace is not public in org.jsoup.parser.tags.Tag; cannot be accessed from outside package
[ERROR] /data/henrique/langchain_prototype/new/data/repositories/jsoup/src/main/java/org/jsoup/parser/HtmlTreeBuilder.java:[696,20] hasParserOption(int) is not public in org.jsoup.parser.tags.Tag; cannot be accessed from outside package
[ERROR] /data/henrique/langchain_prototype/new/data/repositories/jsoup/src/main/java/org/jsoup/parser/HtmlTreeBuilder.java:[711,51] Scope is not public in org.jsoup.parser.tags.HtmlTagOptions; cannot be accessed from outside package
[ERROR] /data/henrique/langchain_prototype/new/data/repositories/jsoup/src/main/java/org/jsoup/parser/HtmlTreeBuilder.java:[711,20] hasParserOption(int) is not public in org.jsoup.parser.tags.Tag; cannot be accessed from outside package
[ERROR] /data/henrique/langchain_prototype/new/data/repositories/jsoup/src/main/java/org/jsoup/parser/HtmlTreeBuilder.java:[718,58] Scope is not public in org.jsoup.parser.tags.HtmlTagOptions; cannot be accessed from outside package
[ERROR] /data/henrique/langchain_prototype/new/data/repositories/jsoup/src/main/java/org/jsoup/parser/HtmlTreeBuilder.java:[722,58] Scope is not public in org.jsoup.parser.tags.HtmlTagOptions; cannot be accessed from outside package
[ERROR] /data/henrique/langchain_prototype/new/data/repositories/jsoup/src/main/java/org/jsoup/parser/HtmlTreeBuilder.java:[722,81] ListScope is not public in org.jsoup.parser.tags.HtmlTagOptions; cannot be accessed from outside package
[ERROR] /data/henrique/langchain_prototype/new/data/repositories/jsoup/src/main/java/org/jsoup/parser/HtmlTreeBuilder.java:[726,58] Scope is not public in org.jsoup.parser.tags.HtmlTagOptions; cannot be accessed from outside package
[ERROR] /data/henrique/langchain_prototype/new/data/repositories/jsoup/src/main/java/org/jsoup/parser/HtmlTreeBuilder.java:[726,81] ButtonScope is not public in org.jsoup.parser.tags.HtmlTagOptions; cannot be accessed from outside package
[ERROR] /data/henrique/langchain_prototype/new/data/repositories/jsoup/src/main/java/org/jsoup/parser/HtmlTreeBuilder.java:[730,58] TableScope is not public in org.jsoup.parser.tags.HtmlTagOptions; cannot be accessed from outside package
[ERROR] /data/henrique/langchain_prototype/new/data/repositories/jsoup/src/main/java/org/jsoup/parser/HtmlTreeBuilder.java:[740,57] SelectScopeMember is not public in org.jsoup.parser.tags.HtmlTagOptions; cannot be accessed from outside package
[ERROR] /data/henrique/langchain_prototype/new/data/repositories/jsoup/src/main/java/org/jsoup/parser/HtmlTreeBuilder.java:[740,26] hasParserOption(int) is not public in org.jsoup.parser.tags.Tag; cannot be accessed from outside package
[ERROR] /data/henrique/langchain_prototype/new/data/repositories/jsoup/src/main/java/org/jsoup/parser/HtmlTreeBuilder.java:[806,69] ImpliedEnd is not public in org.jsoup.parser.tags.HtmlTagOptions; cannot be accessed from outside package
[ERROR] /data/henrique/langchain_prototype/new/data/repositories/jsoup/src/main/java/org/jsoup/parser/HtmlTreeBuilder.java:[806,38] hasParserOption(int) is not public in org.jsoup.parser.tags.Tag; cannot be accessed from outside package
[ERROR] /data/henrique/langchain_prototype/new/data/repositories/jsoup/src/main/java/org/jsoup/parser/HtmlTreeBuilder.java:[822,53] ThoroughImpliedEnd is not public in org.jsoup.parser.tags.HtmlTagOptions; cannot be accessed from outside package
[ERROR] /data/henrique/langchain_prototype/new/data/repositories/jsoup/src/main/java/org/jsoup/parser/HtmlTreeBuilder.java:[822,89] ImpliedEnd is not public in org.jsoup.parser.tags.HtmlTagOptions; cannot be accessed from outside package
[ERROR] /data/henrique/langchain_prototype/new/data/repositories/jsoup/src/main/java/org/jsoup/parser/HtmlTreeBuilder.java:[825,21] hasParserOption(int) is not public in org.jsoup.parser.tags.Tag; cannot be accessed from outside package
[ERROR] /data/henrique/langchain_prototype/new/data/repositories/jsoup/src/main/java/org/jsoup/parser/HtmlTreeBuilder.java:[838,55] Special is not public in org.jsoup.parser.tags.HtmlTagOptions; cannot be accessed from outside package
[ERROR] /data/henrique/langchain_prototype/new/data/repositories/jsoup/src/main/java/org/jsoup/parser/HtmlTreeBuilder.java:[838,24] hasParserOption(int) is not public in org.jsoup.parser.tags.Tag; cannot be accessed from outside package
[ERROR] /data/henrique/langchain_prototype/new/data/repositories/jsoup/src/main/java/org/jsoup/parser/XmlTreeBuilder.java:[69,49] textState() is not public in org.jsoup.parser.tags.Tag; cannot be accessed from outside package
[ERROR] /data/henrique/langchain_prototype/new/data/repositories/jsoup/src/main/java/org/jsoup/parser/XmlTreeBuilder.java:[172,16] setSeenSelfClose() is not public in org.jsoup.parser.tags.Tag; cannot be accessed from outside package
[ERROR] /data/henrique/langchain_prototype/new/data/repositories/jsoup/src/main/java/org/jsoup/parser/XmlTreeBuilder.java:[177,43] textState() is not public in org.jsoup.parser.tags.Tag; cannot be accessed from outside package
[ERROR] -> [Help 1]
[ERROR] 
[ERROR] To see the full stack trace of the errors, re-run Maven with the -e switch.
[ERROR] Re-run Maven using the -X switch to enable full debug logging.
[ERROR] 
[ERROR] For more information about the errors and possible solutions, please read the following articles:
[ERROR] [Help 1] http://cwiki.apache.org/confluence/display/MAVEN/MojoFailureException
