[ERROR] COMPILATION ERROR : 
[ERROR] /data/henrique/langchain_prototype/new/data/repositories/jsoup/src/test/java/org/jsoup/safety/CleanerTest.java:[496,13] cannot find symbol
  symbol:   method addAttributes(java.lang.String,java.lang.String)
  location: class org.jsoup.safety.Safelist
[ERROR] /data/henrique/langchain_prototype/new/data/repositories/jsoup/src/test/java/org/jsoup/safety/CleanerTest.java:[527,56] cannot find symbol
  symbol:   method addAttributes(java.lang.String,java.lang.String)
  location: class org.jsoup.safety.Safelist
[ERROR] /data/henrique/langchain_prototype/new/data/repositories/jsoup/src/test/java/org/jsoup/safety/CleanerTest.java:[594,13] cannot find symbol
  symbol:   method addTags(java.lang.String)
  location: class org.jsoup.safety.Safelist
[ERROR] Failed to execute goal org.apache.maven.plugins:maven-compiler-plugin:3.15.0:testCompile (compile-java11-tests) on project jsoup: Compilation failure: Compilation failure: 
[ERROR] /data/henrique/langchain_prototype/new/data/repositories/jsoup/src/test/java/org/jsoup/safety/CleanerTest.java:[496,13] cannot find symbol
[ERROR]   symbol:   method addAttributes(java.lang.String,java.lang.String)
[ERROR]   location: class org.jsoup.safety.Safelist
[ERROR] /data/henrique/langchain_prototype/new/data/repositories/jsoup/src/test/java/org/jsoup/safety/CleanerTest.java:[527,56] cannot find symbol
[ERROR]   symbol:   method addAttributes(java.lang.String,java.lang.String)
[ERROR]   location: class org.jsoup.safety.Safelist
[ERROR] /data/henrique/langchain_prototype/new/data/repositories/jsoup/src/test/java/org/jsoup/safety/CleanerTest.java:[594,13] cannot find symbol
[ERROR]   symbol:   method addTags(java.lang.String)
[ERROR]   location: class org.jsoup.safety.Safelist
[ERROR] -> [Help 1]
[ERROR] 
[ERROR] To see the full stack trace of the errors, re-run Maven with the -e switch.
[ERROR] Re-run Maven using the -X switch to enable full debug logging.
[ERROR] 
[ERROR] For more information about the errors and possible solutions, please read the following articles:
[ERROR] [Help 1] http://cwiki.apache.org/confluence/display/MAVEN/MojoFailureException
