[ERROR] COMPILATION ERROR : 
[ERROR] /data/henrique/langchain_prototype/new/data/repositories/commons-lang/src/main/java/org/apache/commons/lang3/function/FailableBiFunction.java:[35,91] incompatible types: org.apache.commons.lang3.function.invokers.FailableBiFunction cannot be converted to org.apache.commons.lang3.function.FailableBiFunction
[ERROR] /data/henrique/langchain_prototype/new/data/repositories/commons-lang/src/main/java/org/apache/commons/lang3/function/FailableBiFunction.java:[39,81] incompatible types: no instance(s) of type variable(s) T,U,R,E exist so that org.apache.commons.lang3.function.invokers.FailableBiFunction<T,U,R,E> conforms to org.apache.commons.lang3.function.FailableBiFunction<T,U,R,E>
[ERROR] /data/henrique/langchain_prototype/new/data/repositories/commons-lang/src/main/java/org/apache/commons/lang3/function/FailableFunction.java:[34,87] incompatible types: org.apache.commons.lang3.function.invokers.FailableFunction cannot be converted to org.apache.commons.lang3.function.FailableFunction
[ERROR] /data/henrique/langchain_prototype/new/data/repositories/commons-lang/src/main/java/org/apache/commons/lang3/function/FailableFunction.java:[38,84] incompatible types: no instance(s) of type variable(s) T,R,E exist so that org.apache.commons.lang3.function.invokers.FailableFunction<T,R,E> conforms to org.apache.commons.lang3.function.FailableFunction<T,R,E>
[ERROR] /data/henrique/langchain_prototype/new/data/repositories/commons-lang/src/main/java/org/apache/commons/lang3/function/FailableFunction.java:[43,79] incompatible types: no instance(s) of type variable(s) T,R,E exist so that org.apache.commons.lang3.function.invokers.FailableFunction<T,R,E> conforms to org.apache.commons.lang3.function.FailableFunction<T,R,E>
[ERROR] /data/henrique/langchain_prototype/new/data/repositories/commons-lang/src/main/java/org/apache/commons/lang3/function/FailableFunction.java:[47,84] incompatible types: no instance(s) of type variable(s) T,E exist so that org.apache.commons.lang3.function.invokers.FailableFunction<T,T,E> conforms to org.apache.commons.lang3.function.FailableFunction<T,T,E>
[ERROR] Failed to execute goal org.apache.maven.plugins:maven-compiler-plugin:3.15.0:compile (default-compile) on project commons-lang3: Compilation failure: Compilation failure: 
[ERROR] /data/henrique/langchain_prototype/new/data/repositories/commons-lang/src/main/java/org/apache/commons/lang3/function/FailableBiFunction.java:[35,91] incompatible types: org.apache.commons.lang3.function.invokers.FailableBiFunction cannot be converted to org.apache.commons.lang3.function.FailableBiFunction
[ERROR] /data/henrique/langchain_prototype/new/data/repositories/commons-lang/src/main/java/org/apache/commons/lang3/function/FailableBiFunction.java:[39,81] incompatible types: no instance(s) of type variable(s) T,U,R,E exist so that org.apache.commons.lang3.function.invokers.FailableBiFunction<T,U,R,E> conforms to org.apache.commons.lang3.function.FailableBiFunction<T,U,R,E>
[ERROR] /data/henrique/langchain_prototype/new/data/repositories/commons-lang/src/main/java/org/apache/commons/lang3/function/FailableFunction.java:[34,87] incompatible types: org.apache.commons.lang3.function.invokers.FailableFunction cannot be converted to org.apache.commons.lang3.function.FailableFunction
[ERROR] /data/henrique/langchain_prototype/new/data/repositories/commons-lang/src/main/java/org/apache/commons/lang3/function/FailableFunction.java:[38,84] incompatible types: no instance(s) of type variable(s) T,R,E exist so that org.apache.commons.lang3.function.invokers.FailableFunction<T,R,E> conforms to org.apache.commons.lang3.function.FailableFunction<T,R,E>
[ERROR] /data/henrique/langchain_prototype/new/data/repositories/commons-lang/src/main/java/org/apache/commons/lang3/function/FailableFunction.java:[43,79] incompatible types: no instance(s) of type variable(s) T,R,E exist so that org.apache.commons.lang3.function.invokers.FailableFunction<T,R,E> conforms to org.apache.commons.lang3.function.FailableFunction<T,R,E>
[ERROR] /data/henrique/langchain_prototype/new/data/repositories/commons-lang/src/main/java/org/apache/commons/lang3/function/FailableFunction.java:[47,84] incompatible types: no instance(s) of type variable(s) T,E exist so that org.apache.commons.lang3.function.invokers.FailableFunction<T,T,E> conforms to org.apache.commons.lang3.function.FailableFunction<T,T,E>
[ERROR] -> [Help 1]
[ERROR] 
[ERROR] To see the full stack trace of the errors, re-run Maven with the -e switch.
[ERROR] Re-run Maven using the -X switch to enable full debug logging.
[ERROR] 
[ERROR] For more information about the errors and possible solutions, please read the following articles:
[ERROR] [Help 1] http://cwiki.apache.org/confluence/display/MAVEN/MojoFailureException
