[ERROR] COMPILATION ERROR : 
[ERROR] /data/henrique/langchain_prototype/new/data/repositories/commons-lang/src/test/java/org/apache/commons/lang3/ThreadUtilsTest.java:[42,44] cannot find symbol
  symbol:   class ThreadGroupPredicate
  location: class org.apache.commons.lang3.ThreadUtils
[ERROR] /data/henrique/langchain_prototype/new/data/repositories/commons-lang/src/test/java/org/apache/commons/lang3/ThreadUtilsTest.java:[43,44] cannot find symbol
  symbol:   class ThreadPredicate
  location: class org.apache.commons.lang3.ThreadUtils
[ERROR] /data/henrique/langchain_prototype/new/data/repositories/commons-lang/src/test/java/org/apache/commons/lang3/ThreadUtilsTest.java:[88,32] cannot find symbol
  symbol:   method getAllThreads()
  location: class org.apache.commons.lang3.ThreadUtils
[ERROR] /data/henrique/langchain_prototype/new/data/repositories/commons-lang/src/test/java/org/apache/commons/lang3/ThreadUtilsTest.java:[93,32] cannot find symbol
  symbol:   method getAllThreadGroups()
  location: class org.apache.commons.lang3.ThreadUtils
[ERROR] /data/henrique/langchain_prototype/new/data/repositories/commons-lang/src/test/java/org/apache/commons/lang3/ThreadUtilsTest.java:[127,35] cannot find symbol
  symbol:   method getAllThreadGroups()
  location: class org.apache.commons.lang3.ThreadUtils
[ERROR] /data/henrique/langchain_prototype/new/data/repositories/commons-lang/src/test/java/org/apache/commons/lang3/ThreadUtilsTest.java:[128,35] cannot find symbol
  symbol:   method getAllThreads()
  location: class org.apache.commons.lang3.ThreadUtils
[ERROR] /data/henrique/langchain_prototype/new/data/repositories/commons-lang/src/test/java/org/apache/commons/lang3/ThreadUtilsTest.java:[129,35] cannot find symbol
  symbol:   method findThreads(java.util.function.Predicate<java.lang.Object>)
  location: class org.apache.commons.lang3.ThreadUtils
[ERROR] /data/henrique/langchain_prototype/new/data/repositories/commons-lang/src/test/java/org/apache/commons/lang3/ThreadUtilsTest.java:[130,40] cannot find symbol
  symbol:   method findThreadsByName(java.lang.String,java.lang.String)
  location: class org.apache.commons.lang3.ThreadUtils
[ERROR] /data/henrique/langchain_prototype/new/data/repositories/commons-lang/src/test/java/org/apache/commons/lang3/ThreadUtilsTest.java:[131,40] cannot find symbol
  symbol:   method findThreadsByName(java.lang.String,java.lang.String)
  location: class org.apache.commons.lang3.ThreadUtils
[ERROR] /data/henrique/langchain_prototype/new/data/repositories/commons-lang/src/test/java/org/apache/commons/lang3/ThreadUtilsTest.java:[132,40] cannot find symbol
  symbol:   method findThreadsByName(java.lang.String,java.lang.String)
  location: class org.apache.commons.lang3.ThreadUtils
[ERROR] /data/henrique/langchain_prototype/new/data/repositories/commons-lang/src/test/java/org/apache/commons/lang3/ThreadUtilsTest.java:[159,34] cannot find symbol
  symbol:   variable ALWAYS_TRUE_PREDICATE
  location: class org.apache.commons.lang3.ThreadUtils
[ERROR] /data/henrique/langchain_prototype/new/data/repositories/commons-lang/src/test/java/org/apache/commons/lang3/ThreadUtilsTest.java:[160,15] cannot find symbol
  symbol:   class ThreadPredicate
  location: class org.apache.commons.lang3.ThreadUtilsTest
[ERROR] /data/henrique/langchain_prototype/new/data/repositories/commons-lang/src/test/java/org/apache/commons/lang3/ThreadUtilsTest.java:[160,47] cannot find symbol
  symbol:   variable ALWAYS_TRUE_PREDICATE
  location: class org.apache.commons.lang3.ThreadUtils
[ERROR] /data/henrique/langchain_prototype/new/data/repositories/commons-lang/src/test/java/org/apache/commons/lang3/ThreadUtilsTest.java:[163,15] cannot find symbol
  symbol:   class ThreadGroupPredicate
  location: class org.apache.commons.lang3.ThreadUtilsTest
[ERROR] /data/henrique/langchain_prototype/new/data/repositories/commons-lang/src/test/java/org/apache/commons/lang3/ThreadUtilsTest.java:[163,53] cannot find symbol
  symbol:   variable ALWAYS_TRUE_PREDICATE
  location: class org.apache.commons.lang3.ThreadUtils
[ERROR] /data/henrique/langchain_prototype/new/data/repositories/commons-lang/src/test/java/org/apache/commons/lang3/ThreadUtilsTest.java:[171,60] cannot find symbol
  symbol:   method getAllThreadGroups()
  location: class org.apache.commons.lang3.ThreadUtils
[ERROR] /data/henrique/langchain_prototype/new/data/repositories/commons-lang/src/test/java/org/apache/commons/lang3/ThreadUtilsTest.java:[178,55] cannot find symbol
  symbol:   method getAllThreads()
  location: class org.apache.commons.lang3.ThreadUtils
[ERROR] /data/henrique/langchain_prototype/new/data/repositories/commons-lang/src/test/java/org/apache/commons/lang3/ThreadUtilsTest.java:[184,57] cannot find symbol
  symbol:   method findThreadById(long)
  location: class org.apache.commons.lang3.ThreadUtils
[ERROR] /data/henrique/langchain_prototype/new/data/repositories/commons-lang/src/test/java/org/apache/commons/lang3/ThreadUtilsTest.java:[201,36] cannot find symbol
  symbol:   method findThreadsByName(java.lang.String)
  location: class org.apache.commons.lang3.ThreadUtils
[ERROR] /data/henrique/langchain_prototype/new/data/repositories/commons-lang/src/test/java/org/apache/commons/lang3/ThreadUtilsTest.java:[206,36] cannot find symbol
  symbol:   method findThreadGroupsByName(java.lang.String)
  location: class org.apache.commons.lang3.ThreadUtils
[ERROR] /data/henrique/langchain_prototype/new/data/repositories/commons-lang/src/test/java/org/apache/commons/lang3/ThreadUtilsTest.java:[211,53] cannot find symbol
  symbol:   method findThreadGroupsByName(<nulltype>)
  location: class org.apache.commons.lang3.ThreadUtils
[ERROR] /data/henrique/langchain_prototype/new/data/repositories/commons-lang/src/test/java/org/apache/commons/lang3/ThreadUtilsTest.java:[216,53] cannot find symbol
  symbol:   method findThreadsByName(<nulltype>)
  location: class org.apache.commons.lang3.ThreadUtils
[ERROR] /data/henrique/langchain_prototype/new/data/repositories/commons-lang/src/test/java/org/apache/commons/lang3/ThreadUtilsTest.java:[221,53] cannot find symbol
  symbol:   method findThreadsByName(java.lang.String,java.lang.ThreadGroup)
  location: class org.apache.commons.lang3.ThreadUtils
[ERROR] /data/henrique/langchain_prototype/new/data/repositories/commons-lang/src/test/java/org/apache/commons/lang3/ThreadUtilsTest.java:[226,53] cannot find symbol
  symbol:   method findThreadById(long,java.lang.ThreadGroup)
  location: class org.apache.commons.lang3.ThreadUtils
[ERROR] /data/henrique/langchain_prototype/new/data/repositories/commons-lang/src/test/java/org/apache/commons/lang3/ThreadUtilsTest.java:[231,53] cannot find symbol
  symbol:   method findThreadsByName(<nulltype>,java.lang.ThreadGroup)
  location: class org.apache.commons.lang3.ThreadUtils
[ERROR] /data/henrique/langchain_prototype/new/data/repositories/commons-lang/src/test/java/org/apache/commons/lang3/ThreadUtilsTest.java:[236,53] cannot find symbol
  symbol:   method findThreadsByName(<nulltype>,java.lang.String)
  location: class org.apache.commons.lang3.ThreadUtils
[ERROR] /data/henrique/langchain_prototype/new/data/repositories/commons-lang/src/test/java/org/apache/commons/lang3/ThreadUtilsTest.java:[241,53] cannot find symbol
  symbol:   method findThreadsByName(java.lang.String,java.lang.String)
  location: class org.apache.commons.lang3.ThreadUtils
[ERROR] /data/henrique/langchain_prototype/new/data/repositories/commons-lang/src/test/java/org/apache/commons/lang3/ThreadUtilsTest.java:[246,53] cannot find symbol
  symbol:   method findThreadsByName(<nulltype>,java.lang.String)
  location: class org.apache.commons.lang3.ThreadUtils
[ERROR] /data/henrique/langchain_prototype/new/data/repositories/commons-lang/src/test/java/org/apache/commons/lang3/ThreadUtilsTest.java:[287,58] cannot find symbol
  symbol:   method getSystemThreadGroup()
  location: class org.apache.commons.lang3.ThreadUtils
[ERROR] /data/henrique/langchain_prototype/new/data/repositories/commons-lang/src/test/java/org/apache/commons/lang3/ThreadUtilsTest.java:[303,40] cannot find symbol
  symbol:   method findThreadsByName(java.lang.String)
  location: class org.apache.commons.lang3.ThreadUtils
[ERROR] /data/henrique/langchain_prototype/new/data/repositories/commons-lang/src/test/java/org/apache/commons/lang3/ThreadUtilsTest.java:[304,40] cannot find symbol
  symbol:   method findThreadsByName(java.lang.String,java.lang.String)
  location: class org.apache.commons.lang3.ThreadUtils
[ERROR] /data/henrique/langchain_prototype/new/data/repositories/commons-lang/src/test/java/org/apache/commons/lang3/ThreadUtilsTest.java:[305,40] cannot find symbol
  symbol:   method findThreadsByName(java.lang.String,java.lang.String)
  location: class org.apache.commons.lang3.ThreadUtils
[ERROR] /data/henrique/langchain_prototype/new/data/repositories/commons-lang/src/test/java/org/apache/commons/lang3/ThreadUtilsTest.java:[306,40] cannot find symbol
  symbol:   method findThreadsByName(java.lang.String,java.lang.String)
  location: class org.apache.commons.lang3.ThreadUtils
[ERROR] /data/henrique/langchain_prototype/new/data/repositories/commons-lang/src/test/java/org/apache/commons/lang3/ThreadUtilsTest.java:[307,40] cannot find symbol
  symbol:   method findThreadsByName(java.lang.String,java.lang.String)
  location: class org.apache.commons.lang3.ThreadUtils
[ERROR] /data/henrique/langchain_prototype/new/data/repositories/commons-lang/src/test/java/org/apache/commons/lang3/ThreadUtilsTest.java:[308,40] cannot find symbol
  symbol:   method findThreadGroupsByName(java.lang.String)
  location: class org.apache.commons.lang3.ThreadUtils
[ERROR] /data/henrique/langchain_prototype/new/data/repositories/commons-lang/src/test/java/org/apache/commons/lang3/ThreadUtilsTest.java:[309,40] cannot find symbol
  symbol:   method findThreadGroupsByName(java.lang.String)
  location: class org.apache.commons.lang3.ThreadUtils
[ERROR] /data/henrique/langchain_prototype/new/data/repositories/commons-lang/src/test/java/org/apache/commons/lang3/ThreadUtilsTest.java:[310,38] cannot find symbol
  symbol:   method findThreadById(long,java.lang.ThreadGroup)
  location: class org.apache.commons.lang3.ThreadUtils
[ERROR] /data/henrique/langchain_prototype/new/data/repositories/commons-lang/src/test/java/org/apache/commons/lang3/ThreadUtilsTest.java:[331,39] cannot find symbol
  symbol:   method findThreadById(long,java.lang.String)
  location: class org.apache.commons.lang3.ThreadUtils
[ERROR] /data/henrique/langchain_prototype/new/data/repositories/commons-lang/src/test/java/org/apache/commons/lang3/ThreadUtilsTest.java:[332,39] cannot find symbol
  symbol:   method findThreadById(long,java.lang.String)
  location: class org.apache.commons.lang3.ThreadUtils
[ERROR] /data/henrique/langchain_prototype/new/data/repositories/commons-lang/src/test/java/org/apache/commons/lang3/ThreadUtilsTest.java:[333,35] cannot find symbol
  symbol:   method findThreadById(long,java.lang.String)
  location: class org.apache.commons.lang3.ThreadUtils
[ERROR] /data/henrique/langchain_prototype/new/data/repositories/commons-lang/src/test/java/org/apache/commons/lang3/ThreadUtilsTest.java:[334,35] cannot find symbol
  symbol:   method findThreadById(long,java.lang.String)
  location: class org.apache.commons.lang3.ThreadUtils
[ERROR] /data/henrique/langchain_prototype/new/data/repositories/commons-lang/src/test/java/org/apache/commons/lang3/ThreadUtilsTest.java:[346,53] cannot find symbol
  symbol:   method findThreadById(long,java.lang.String)
  location: class org.apache.commons.lang3.ThreadUtils
[ERROR] /data/henrique/langchain_prototype/new/data/repositories/commons-lang/src/test/java/org/apache/commons/lang3/ThreadUtilsTest.java:[351,53] cannot find symbol
  symbol:   method findThreadGroups(<nulltype>,boolean,java.util.function.Predicate<java.lang.Object>)
  location: class org.apache.commons.lang3.ThreadUtils
[ERROR] /data/henrique/langchain_prototype/new/data/repositories/commons-lang/src/test/java/org/apache/commons/lang3/ThreadUtilsTest.java:[352,53] cannot find symbol
  symbol:   method findThreadGroups(<nulltype>,boolean,java.util.function.Predicate<java.lang.Object>)
  location: class org.apache.commons.lang3.ThreadUtils
[ERROR] /data/henrique/langchain_prototype/new/data/repositories/commons-lang/src/test/java/org/apache/commons/lang3/ThreadUtilsTest.java:[357,72] cannot find symbol
  symbol:   class ThreadGroupPredicate
  location: class org.apache.commons.lang3.ThreadUtilsTest
[ERROR] /data/henrique/langchain_prototype/new/data/repositories/commons-lang/src/test/java/org/apache/commons/lang3/ThreadUtilsTest.java:[358,53] cannot find symbol
  symbol:   method findThreadGroups(java.util.function.Predicate<java.lang.ThreadGroup>)
  location: class org.apache.commons.lang3.ThreadUtils
[ERROR] /data/henrique/langchain_prototype/new/data/repositories/commons-lang/src/test/java/org/apache/commons/lang3/ThreadUtilsTest.java:[359,53] cannot find symbol
  symbol:   method findThreadGroups(java.util.function.Predicate)
  location: class org.apache.commons.lang3.ThreadUtils
[ERROR] /data/henrique/langchain_prototype/new/data/repositories/commons-lang/src/test/java/org/apache/commons/lang3/ThreadUtilsTest.java:[373,40] cannot find symbol
  symbol:   method findThreadsByName(java.lang.String)
  location: class org.apache.commons.lang3.ThreadUtils
[ERROR] /data/henrique/langchain_prototype/new/data/repositories/commons-lang/src/test/java/org/apache/commons/lang3/ThreadUtilsTest.java:[374,40] cannot find symbol
  symbol:   method findThreadsByName(java.lang.String,java.lang.ThreadGroup)
  location: class org.apache.commons.lang3.ThreadUtils
[ERROR] /data/henrique/langchain_prototype/new/data/repositories/commons-lang/src/test/java/org/apache/commons/lang3/ThreadUtilsTest.java:[375,40] cannot find symbol
  symbol:   method findThreadsByName(java.lang.String,java.lang.ThreadGroup)
  location: class org.apache.commons.lang3.ThreadUtils
[ERROR] /data/henrique/langchain_prototype/new/data/repositories/commons-lang/src/test/java/org/apache/commons/lang3/ThreadUtilsTest.java:[376,40] cannot find symbol
  symbol:   method findThreadsByName(java.lang.String,java.lang.ThreadGroup)
  location: class org.apache.commons.lang3.ThreadUtils
[ERROR] /data/henrique/langchain_prototype/new/data/repositories/commons-lang/src/test/java/org/apache/commons/lang3/ThreadUtilsTest.java:[383,40] cannot find symbol
  symbol:   method findThreadsByName(java.lang.String,java.lang.ThreadGroup)
  location: class org.apache.commons.lang3.ThreadUtils
[ERROR] /data/henrique/langchain_prototype/new/data/repositories/commons-lang/src/test/java/org/apache/commons/lang3/ThreadUtilsTest.java:[395,40] cannot find symbol
  symbol:   method findThreadsByName(java.lang.String)
  location: class org.apache.commons.lang3.ThreadUtils
[ERROR] /data/henrique/langchain_prototype/new/data/repositories/commons-lang/src/test/java/org/apache/commons/lang3/ThreadUtilsTest.java:[412,39] cannot find symbol
  symbol:   method findThreadById(long)
  location: class org.apache.commons.lang3.ThreadUtils
[ERROR] /data/henrique/langchain_prototype/new/data/repositories/commons-lang/src/test/java/org/apache/commons/lang3/ThreadUtilsTest.java:[413,39] cannot find symbol
  symbol:   method findThreadById(long)
  location: class org.apache.commons.lang3.ThreadUtils
[ERROR] /data/henrique/langchain_prototype/new/data/repositories/commons-lang/src/test/java/org/apache/commons/lang3/ThreadUtilsTest.java:[429,35] cannot find symbol
  symbol:   method findThreadById(long,java.lang.ThreadGroup)
  location: class org.apache.commons.lang3.ThreadUtils
[ERROR] /data/henrique/langchain_prototype/new/data/repositories/commons-lang/src/test/java/org/apache/commons/lang3/ThreadUtilsTest.java:[439,67] cannot find symbol
  symbol:   class ThreadPredicate
  location: class org.apache.commons.lang3.ThreadUtilsTest
[ERROR] /data/henrique/langchain_prototype/new/data/repositories/commons-lang/src/test/java/org/apache/commons/lang3/ThreadUtilsTest.java:[440,53] cannot find symbol
  symbol:   method findThreads(java.util.function.Predicate<java.lang.Thread>)
  location: class org.apache.commons.lang3.ThreadUtils
[ERROR] /data/henrique/langchain_prototype/new/data/repositories/commons-lang/src/test/java/org/apache/commons/lang3/ThreadUtilsTest.java:[441,53] cannot find symbol
  symbol:   method findThreads(java.util.function.Predicate)
  location: class org.apache.commons.lang3.ThreadUtils
[ERROR] /data/henrique/langchain_prototype/new/data/repositories/commons-lang/src/test/java/org/apache/commons/lang3/ThreadUtilsTest.java:[452,40] cannot find symbol
  symbol:   method findThreadsByName(java.lang.String)
  location: class org.apache.commons.lang3.ThreadUtils
[ERROR] Failed to execute goal org.apache.maven.plugins:maven-compiler-plugin:3.15.0:testCompile (default-testCompile) on project commons-lang3: Compilation failure: Compilation failure: 
[ERROR] /data/henrique/langchain_prototype/new/data/repositories/commons-lang/src/test/java/org/apache/commons/lang3/ThreadUtilsTest.java:[42,44] cannot find symbol
[ERROR]   symbol:   class ThreadGroupPredicate
[ERROR]   location: class org.apache.commons.lang3.ThreadUtils
[ERROR] /data/henrique/langchain_prototype/new/data/repositories/commons-lang/src/test/java/org/apache/commons/lang3/ThreadUtilsTest.java:[43,44] cannot find symbol
[ERROR]   symbol:   class ThreadPredicate
[ERROR]   location: class org.apache.commons.lang3.ThreadUtils
[ERROR] /data/henrique/langchain_prototype/new/data/repositories/commons-lang/src/test/java/org/apache/commons/lang3/ThreadUtilsTest.java:[88,32] cannot find symbol
[ERROR]   symbol:   method getAllThreads()
[ERROR]   location: class org.apache.commons.lang3.ThreadUtils
[ERROR] /data/henrique/langchain_prototype/new/data/repositories/commons-lang/src/test/java/org/apache/commons/lang3/ThreadUtilsTest.java:[93,32] cannot find symbol
[ERROR]   symbol:   method getAllThreadGroups()
[ERROR]   location: class org.apache.commons.lang3.ThreadUtils
[ERROR] /data/henrique/langchain_prototype/new/data/repositories/commons-lang/src/test/java/org/apache/commons/lang3/ThreadUtilsTest.java:[127,35] cannot find symbol
[ERROR]   symbol:   method getAllThreadGroups()
[ERROR]   location: class org.apache.commons.lang3.ThreadUtils
[ERROR] /data/henrique/langchain_prototype/new/data/repositories/commons-lang/src/test/java/org/apache/commons/lang3/ThreadUtilsTest.java:[128,35] cannot find symbol
[ERROR]   symbol:   method getAllThreads()
[ERROR]   location: class org.apache.commons.lang3.ThreadUtils
[ERROR] /data/henrique/langchain_prototype/new/data/repositories/commons-lang/src/test/java/org/apache/commons/lang3/ThreadUtilsTest.java:[129,35] cannot find symbol
[ERROR]   symbol:   method findThreads(java.util.function.Predicate<java.lang.Object>)
[ERROR]   location: class org.apache.commons.lang3.ThreadUtils
[ERROR] /data/henrique/langchain_prototype/new/data/repositories/commons-lang/src/test/java/org/apache/commons/lang3/ThreadUtilsTest.java:[130,40] cannot find symbol
[ERROR]   symbol:   method findThreadsByName(java.lang.String,java.lang.String)
[ERROR]   location: class org.apache.commons.lang3.ThreadUtils
[ERROR] /data/henrique/langchain_prototype/new/data/repositories/commons-lang/src/test/java/org/apache/commons/lang3/ThreadUtilsTest.java:[131,40] cannot find symbol
[ERROR]   symbol:   method findThreadsByName(java.lang.String,java.lang.String)
[ERROR]   location: class org.apache.commons.lang3.ThreadUtils
[ERROR] /data/henrique/langchain_prototype/new/data/repositories/commons-lang/src/test/java/org/apache/commons/lang3/ThreadUtilsTest.java:[132,40] cannot find symbol
[ERROR]   symbol:   method findThreadsByName(java.lang.String,java.lang.String)
[ERROR]   location: class org.apache.commons.lang3.ThreadUtils
[ERROR] /data/henrique/langchain_prototype/new/data/repositories/commons-lang/src/test/java/org/apache/commons/lang3/ThreadUtilsTest.java:[159,34] cannot find symbol
[ERROR]   symbol:   variable ALWAYS_TRUE_PREDICATE
[ERROR]   location: class org.apache.commons.lang3.ThreadUtils
[ERROR] /data/henrique/langchain_prototype/new/data/repositories/commons-lang/src/test/java/org/apache/commons/lang3/ThreadUtilsTest.java:[160,15] cannot find symbol
[ERROR]   symbol:   class ThreadPredicate
[ERROR]   location: class org.apache.commons.lang3.ThreadUtilsTest
[ERROR] /data/henrique/langchain_prototype/new/data/repositories/commons-lang/src/test/java/org/apache/commons/lang3/ThreadUtilsTest.java:[160,47] cannot find symbol
[ERROR]   symbol:   variable ALWAYS_TRUE_PREDICATE
[ERROR]   location: class org.apache.commons.lang3.ThreadUtils
[ERROR] /data/henrique/langchain_prototype/new/data/repositories/commons-lang/src/test/java/org/apache/commons/lang3/ThreadUtilsTest.java:[163,15] cannot find symbol
[ERROR]   symbol:   class ThreadGroupPredicate
[ERROR]   location: class org.apache.commons.lang3.ThreadUtilsTest
[ERROR] /data/henrique/langchain_prototype/new/data/repositories/commons-lang/src/test/java/org/apache/commons/lang3/ThreadUtilsTest.java:[163,53] cannot find symbol
[ERROR]   symbol:   variable ALWAYS_TRUE_PREDICATE
[ERROR]   location: class org.apache.commons.lang3.ThreadUtils
[ERROR] /data/henrique/langchain_prototype/new/data/repositories/commons-lang/src/test/java/org/apache/commons/lang3/ThreadUtilsTest.java:[171,60] cannot find symbol
[ERROR]   symbol:   method getAllThreadGroups()
[ERROR]   location: class org.apache.commons.lang3.ThreadUtils
[ERROR] /data/henrique/langchain_prototype/new/data/repositories/commons-lang/src/test/java/org/apache/commons/lang3/ThreadUtilsTest.java:[178,55] cannot find symbol
[ERROR]   symbol:   method getAllThreads()
[ERROR]   location: class org.apache.commons.lang3.ThreadUtils
[ERROR] /data/henrique/langchain_prototype/new/data/repositories/commons-lang/src/test/java/org/apache/commons/lang3/ThreadUtilsTest.java:[184,57] cannot find symbol
[ERROR]   symbol:   method findThreadById(long)
[ERROR]   location: class org.apache.commons.lang3.ThreadUtils
[ERROR] /data/henrique/langchain_prototype/new/data/repositories/commons-lang/src/test/java/org/apache/commons/lang3/ThreadUtilsTest.java:[201,36] cannot find symbol
[ERROR]   symbol:   method findThreadsByName(java.lang.String)
[ERROR]   location: class org.apache.commons.lang3.ThreadUtils
[ERROR] /data/henrique/langchain_prototype/new/data/repositories/commons-lang/src/test/java/org/apache/commons/lang3/ThreadUtilsTest.java:[206,36] cannot find symbol
[ERROR]   symbol:   method findThreadGroupsByName(java.lang.String)
[ERROR]   location: class org.apache.commons.lang3.ThreadUtils
[ERROR] /data/henrique/langchain_prototype/new/data/repositories/commons-lang/src/test/java/org/apache/commons/lang3/ThreadUtilsTest.java:[211,53] cannot find symbol
[ERROR]   symbol:   method findThreadGroupsByName(<nulltype>)
[ERROR]   location: class org.apache.commons.lang3.ThreadUtils
[ERROR] /data/henrique/langchain_prototype/new/data/repositories/commons-lang/src/test/java/org/apache/commons/lang3/ThreadUtilsTest.java:[216,53] cannot find symbol
[ERROR]   symbol:   method findThreadsByName(<nulltype>)
[ERROR]   location: class org.apache.commons.lang3.ThreadUtils
[ERROR] /data/henrique/langchain_prototype/new/data/repositories/commons-lang/src/test/java/org/apache/commons/lang3/ThreadUtilsTest.java:[221,53] cannot find symbol
[ERROR]   symbol:   method findThreadsByName(java.lang.String,java.lang.ThreadGroup)
[ERROR]   location: class org.apache.commons.lang3.ThreadUtils
[ERROR] /data/henrique/langchain_prototype/new/data/repositories/commons-lang/src/test/java/org/apache/commons/lang3/ThreadUtilsTest.java:[226,53] cannot find symbol
[ERROR]   symbol:   method findThreadById(long,java.lang.ThreadGroup)
[ERROR]   location: class org.apache.commons.lang3.ThreadUtils
[ERROR] /data/henrique/langchain_prototype/new/data/repositories/commons-lang/src/test/java/org/apache/commons/lang3/ThreadUtilsTest.java:[231,53] cannot find symbol
[ERROR]   symbol:   method findThreadsByName(<nulltype>,java.lang.ThreadGroup)
[ERROR]   location: class org.apache.commons.lang3.ThreadUtils
[ERROR] /data/henrique/langchain_prototype/new/data/repositories/commons-lang/src/test/java/org/apache/commons/lang3/ThreadUtilsTest.java:[236,53] cannot find symbol
[ERROR]   symbol:   method findThreadsByName(<nulltype>,java.lang.String)
[ERROR]   location: class org.apache.commons.lang3.ThreadUtils
[ERROR] /data/henrique/langchain_prototype/new/data/repositories/commons-lang/src/test/java/org/apache/commons/lang3/ThreadUtilsTest.java:[241,53] cannot find symbol
[ERROR]   symbol:   method findThreadsByName(java.lang.String,java.lang.String)
[ERROR]   location: class org.apache.commons.lang3.ThreadUtils
[ERROR] /data/henrique/langchain_prototype/new/data/repositories/commons-lang/src/test/java/org/apache/commons/lang3/ThreadUtilsTest.java:[246,53] cannot find symbol
[ERROR]   symbol:   method findThreadsByName(<nulltype>,java.lang.String)
[ERROR]   location: class org.apache.commons.lang3.ThreadUtils
[ERROR] /data/henrique/langchain_prototype/new/data/repositories/commons-lang/src/test/java/org/apache/commons/lang3/ThreadUtilsTest.java:[287,58] cannot find symbol
[ERROR]   symbol:   method getSystemThreadGroup()
[ERROR]   location: class org.apache.commons.lang3.ThreadUtils
[ERROR] /data/henrique/langchain_prototype/new/data/repositories/commons-lang/src/test/java/org/apache/commons/lang3/ThreadUtilsTest.java:[303,40] cannot find symbol
[ERROR]   symbol:   method findThreadsByName(java.lang.String)
[ERROR]   location: class org.apache.commons.lang3.ThreadUtils
[ERROR] /data/henrique/langchain_prototype/new/data/repositories/commons-lang/src/test/java/org/apache/commons/lang3/ThreadUtilsTest.java:[304,40] cannot find symbol
[ERROR]   symbol:   method findThreadsByName(java.lang.String,java.lang.String)
[ERROR]   location: class org.apache.commons.lang3.ThreadUtils
[ERROR] /data/henrique/langchain_prototype/new/data/repositories/commons-lang/src/test/java/org/apache/commons/lang3/ThreadUtilsTest.java:[305,40] cannot find symbol
[ERROR]   symbol:   method findThreadsByName(java.lang.String,java.lang.String)
[ERROR]   location: class org.apache.commons.lang3.ThreadUtils
[ERROR] /data/henrique/langchain_prototype/new/data/repositories/commons-lang/src/test/java/org/apache/commons/lang3/ThreadUtilsTest.java:[306,40] cannot find symbol
[ERROR]   symbol:   method findThreadsByName(java.lang.String,java.lang.String)
[ERROR]   location: class org.apache.commons.lang3.ThreadUtils
[ERROR] /data/henrique/langchain_prototype/new/data/repositories/commons-lang/src/test/java/org/apache/commons/lang3/ThreadUtilsTest.java:[307,40] cannot find symbol
[ERROR]   symbol:   method findThreadsByName(java.lang.String,java.lang.String)
[ERROR]   location: class org.apache.commons.lang3.ThreadUtils
[ERROR] /data/henrique/langchain_prototype/new/data/repositories/commons-lang/src/test/java/org/apache/commons/lang3/ThreadUtilsTest.java:[308,40] cannot find symbol
[ERROR]   symbol:   method findThreadGroupsByName(java.lang.String)
[ERROR]   location: class org.apache.commons.lang3.ThreadUtils
[ERROR] /data/henrique/langchain_prototype/new/data/repositories/commons-lang/src/test/java/org/apache/commons/lang3/ThreadUtilsTest.java:[309,40] cannot find symbol
[ERROR]   symbol:   method findThreadGroupsByName(java.lang.String)
[ERROR]   location: class org.apache.commons.lang3.ThreadUtils
[ERROR] /data/henrique/langchain_prototype/new/data/repositories/commons-lang/src/test/java/org/apache/commons/lang3/ThreadUtilsTest.java:[310,38] cannot find symbol
[ERROR]   symbol:   method findThreadById(long,java.lang.ThreadGroup)
[ERROR]   location: class org.apache.commons.lang3.ThreadUtils
[ERROR] /data/henrique/langchain_prototype/new/data/repositories/commons-lang/src/test/java/org/apache/commons/lang3/ThreadUtilsTest.java:[331,39] cannot find symbol
[ERROR]   symbol:   method findThreadById(long,java.lang.String)
[ERROR]   location: class org.apache.commons.lang3.ThreadUtils
[ERROR] /data/henrique/langchain_prototype/new/data/repositories/commons-lang/src/test/java/org/apache/commons/lang3/ThreadUtilsTest.java:[332,39] cannot find symbol
[ERROR]   symbol:   method findThreadById(long,java.lang.String)
[ERROR]   location: class org.apache.commons.lang3.ThreadUtils
[ERROR] /data/henrique/langchain_prototype/new/data/repositories/commons-lang/src/test/java/org/apache/commons/lang3/ThreadUtilsTest.java:[333,35] cannot find symbol
[ERROR]   symbol:   method findThreadById(long,java.lang.String)
[ERROR]   location: class org.apache.commons.lang3.ThreadUtils
[ERROR] /data/henrique/langchain_prototype/new/data/repositories/commons-lang/src/test/java/org/apache/commons/lang3/ThreadUtilsTest.java:[334,35] cannot find symbol
[ERROR]   symbol:   method findThreadById(long,java.lang.String)
[ERROR]   location: class org.apache.commons.lang3.ThreadUtils
[ERROR] /data/henrique/langchain_prototype/new/data/repositories/commons-lang/src/test/java/org/apache/commons/lang3/ThreadUtilsTest.java:[346,53] cannot find symbol
[ERROR]   symbol:   method findThreadById(long,java.lang.String)
[ERROR]   location: class org.apache.commons.lang3.ThreadUtils
[ERROR] /data/henrique/langchain_prototype/new/data/repositories/commons-lang/src/test/java/org/apache/commons/lang3/ThreadUtilsTest.java:[351,53] cannot find symbol
[ERROR]   symbol:   method findThreadGroups(<nulltype>,boolean,java.util.function.Predicate<java.lang.Object>)
[ERROR]   location: class org.apache.commons.lang3.ThreadUtils
[ERROR] /data/henrique/langchain_prototype/new/data/repositories/commons-lang/src/test/java/org/apache/commons/lang3/ThreadUtilsTest.java:[352,53] cannot find symbol
[ERROR]   symbol:   method findThreadGroups(<nulltype>,boolean,java.util.function.Predicate<java.lang.Object>)
[ERROR]   location: class org.apache.commons.lang3.ThreadUtils
[ERROR] /data/henrique/langchain_prototype/new/data/repositories/commons-lang/src/test/java/org/apache/commons/lang3/ThreadUtilsTest.java:[357,72] cannot find symbol
[ERROR]   symbol:   class ThreadGroupPredicate
[ERROR]   location: class org.apache.commons.lang3.ThreadUtilsTest
[ERROR] /data/henrique/langchain_prototype/new/data/repositories/commons-lang/src/test/java/org/apache/commons/lang3/ThreadUtilsTest.java:[358,53] cannot find symbol
[ERROR]   symbol:   method findThreadGroups(java.util.function.Predicate<java.lang.ThreadGroup>)
[ERROR]   location: class org.apache.commons.lang3.ThreadUtils
[ERROR] /data/henrique/langchain_prototype/new/data/repositories/commons-lang/src/test/java/org/apache/commons/lang3/ThreadUtilsTest.java:[359,53] cannot find symbol
[ERROR]   symbol:   method findThreadGroups(java.util.function.Predicate)
[ERROR]   location: class org.apache.commons.lang3.ThreadUtils
[ERROR] /data/henrique/langchain_prototype/new/data/repositories/commons-lang/src/test/java/org/apache/commons/lang3/ThreadUtilsTest.java:[373,40] cannot find symbol
[ERROR]   symbol:   method findThreadsByName(java.lang.String)
[ERROR]   location: class org.apache.commons.lang3.ThreadUtils
[ERROR] /data/henrique/langchain_prototype/new/data/repositories/commons-lang/src/test/java/org/apache/commons/lang3/ThreadUtilsTest.java:[374,40] cannot find symbol
[ERROR]   symbol:   method findThreadsByName(java.lang.String,java.lang.ThreadGroup)
[ERROR]   location: class org.apache.commons.lang3.ThreadUtils
[ERROR] /data/henrique/langchain_prototype/new/data/repositories/commons-lang/src/test/java/org/apache/commons/lang3/ThreadUtilsTest.java:[375,40] cannot find symbol
[ERROR]   symbol:   method findThreadsByName(java.lang.String,java.lang.ThreadGroup)
[ERROR]   location: class org.apache.commons.lang3.ThreadUtils
[ERROR] /data/henrique/langchain_prototype/new/data/repositories/commons-lang/src/test/java/org/apache/commons/lang3/ThreadUtilsTest.java:[376,40] cannot find symbol
[ERROR]   symbol:   method findThreadsByName(java.lang.String,java.lang.ThreadGroup)
[ERROR]   location: class org.apache.commons.lang3.ThreadUtils
[ERROR] /data/henrique/langchain_prototype/new/data/repositories/commons-lang/src/test/java/org/apache/commons/lang3/ThreadUtilsTest.java:[383,40] cannot find symbol
[ERROR]   symbol:   method findThreadsByName(java.lang.String,java.lang.ThreadGroup)
[ERROR]   location: class org.apache.commons.lang3.ThreadUtils
[ERROR] /data/henrique/langchain_prototype/new/data/repositories/commons-lang/src/test/java/org/apache/commons/lang3/ThreadUtilsTest.java:[395,40] cannot find symbol
[ERROR]   symbol:   method findThreadsByName(java.lang.String)
[ERROR]   location: class org.apache.commons.lang3.ThreadUtils
[ERROR] /data/henrique/langchain_prototype/new/data/repositories/commons-lang/src/test/java/org/apache/commons/lang3/ThreadUtilsTest.java:[412,39] cannot find symbol
[ERROR]   symbol:   method findThreadById(long)
[ERROR]   location: class org.apache.commons.lang3.ThreadUtils
[ERROR] /data/henrique/langchain_prototype/new/data/repositories/commons-lang/src/test/java/org/apache/commons/lang3/ThreadUtilsTest.java:[413,39] cannot find symbol
[ERROR]   symbol:   method findThreadById(long)
[ERROR]   location: class org.apache.commons.lang3.ThreadUtils
[ERROR] /data/henrique/langchain_prototype/new/data/repositories/commons-lang/src/test/java/org/apache/commons/lang3/ThreadUtilsTest.java:[429,35] cannot find symbol
[ERROR]   symbol:   method findThreadById(long,java.lang.ThreadGroup)
[ERROR]   location: class org.apache.commons.lang3.ThreadUtils
[ERROR] /data/henrique/langchain_prototype/new/data/repositories/commons-lang/src/test/java/org/apache/commons/lang3/ThreadUtilsTest.java:[439,67] cannot find symbol
[ERROR]   symbol:   class ThreadPredicate
[ERROR]   location: class org.apache.commons.lang3.ThreadUtilsTest
[ERROR] /data/henrique/langchain_prototype/new/data/repositories/commons-lang/src/test/java/org/apache/commons/lang3/ThreadUtilsTest.java:[440,53] cannot find symbol
[ERROR]   symbol:   method findThreads(java.util.function.Predicate<java.lang.Thread>)
[ERROR]   location: class org.apache.commons.lang3.ThreadUtils
[ERROR] /data/henrique/langchain_prototype/new/data/repositories/commons-lang/src/test/java/org/apache/commons/lang3/ThreadUtilsTest.java:[441,53] cannot find symbol
[ERROR]   symbol:   method findThreads(java.util.function.Predicate)
[ERROR]   location: class org.apache.commons.lang3.ThreadUtils
[ERROR] /data/henrique/langchain_prototype/new/data/repositories/commons-lang/src/test/java/org/apache/commons/lang3/ThreadUtilsTest.java:[452,40] cannot find symbol
[ERROR]   symbol:   method findThreadsByName(java.lang.String)
[ERROR]   location: class org.apache.commons.lang3.ThreadUtils
[ERROR] -> [Help 1]
[ERROR] 
[ERROR] To see the full stack trace of the errors, re-run Maven with the -e switch.
[ERROR] Re-run Maven using the -X switch to enable full debug logging.
[ERROR] 
[ERROR] For more information about the errors and possible solutions, please read the following articles:
[ERROR] [Help 1] http://cwiki.apache.org/confluence/display/MAVEN/MojoFailureException
