[ERROR] COMPILATION ERROR : 
[ERROR] /data/henrique/langchain_prototype/new/data/repositories/commons-lang/src/test/java/org/apache/commons/lang3/function/FailableTest.java:[763,72] method asBiConsumer in class org.apache.commons.lang3.function.Failable cannot be applied to given types;
  required: org.apache.commons.lang3.function.invoker.FailableBiConsumer<T,U,?>
  found:    org.apache.commons.lang3.function.FailableBiConsumer<org.apache.commons.lang3.function.FailableTest.Testable<?,?>,java.lang.Throwable,java.lang.Throwable>
  reason: cannot infer type-variable(s) T,U
    (argument mismatch; org.apache.commons.lang3.function.FailableBiConsumer<org.apache.commons.lang3.function.FailableTest.Testable<?,?>,java.lang.Throwable,java.lang.Throwable> cannot be converted to org.apache.commons.lang3.function.invoker.FailableBiConsumer<T,U,?>)
[ERROR] /data/henrique/langchain_prototype/new/data/repositories/commons-lang/src/test/java/org/apache/commons/lang3/function/FailableTest.java:[809,83] method asBiFunction in class org.apache.commons.lang3.function.Failable cannot be applied to given types;
  required: org.apache.commons.lang3.function.invoker.FailableBiFunction<T,U,R,?>
  found:    org.apache.commons.lang3.function.FailableBiFunction<org.apache.commons.lang3.function.FailableTest.Testable<?,?>,java.lang.Throwable,java.lang.Integer,java.lang.Throwable>
  reason: cannot infer type-variable(s) T,U,R
    (argument mismatch; org.apache.commons.lang3.function.FailableBiFunction<org.apache.commons.lang3.function.FailableTest.Testable<?,?>,java.lang.Throwable,java.lang.Integer,java.lang.Throwable> cannot be converted to org.apache.commons.lang3.function.invoker.FailableBiFunction<T,U,R,?>)
[ERROR] Failed to execute goal org.apache.maven.plugins:maven-compiler-plugin:3.15.0:testCompile (default-testCompile) on project commons-lang3: Compilation failure: Compilation failure: 
[ERROR] /data/henrique/langchain_prototype/new/data/repositories/commons-lang/src/test/java/org/apache/commons/lang3/function/FailableTest.java:[763,72] method asBiConsumer in class org.apache.commons.lang3.function.Failable cannot be applied to given types;
[ERROR]   required: org.apache.commons.lang3.function.invoker.FailableBiConsumer<T,U,?>
[ERROR]   found:    org.apache.commons.lang3.function.FailableBiConsumer<org.apache.commons.lang3.function.FailableTest.Testable<?,?>,java.lang.Throwable,java.lang.Throwable>
[ERROR]   reason: cannot infer type-variable(s) T,U
[ERROR]     (argument mismatch; org.apache.commons.lang3.function.FailableBiConsumer<org.apache.commons.lang3.function.FailableTest.Testable<?,?>,java.lang.Throwable,java.lang.Throwable> cannot be converted to org.apache.commons.lang3.function.invoker.FailableBiConsumer<T,U,?>)
[ERROR] /data/henrique/langchain_prototype/new/data/repositories/commons-lang/src/test/java/org/apache/commons/lang3/function/FailableTest.java:[809,83] method asBiFunction in class org.apache.commons.lang3.function.Failable cannot be applied to given types;
[ERROR]   required: org.apache.commons.lang3.function.invoker.FailableBiFunction<T,U,R,?>
[ERROR]   found:    org.apache.commons.lang3.function.FailableBiFunction<org.apache.commons.lang3.function.FailableTest.Testable<?,?>,java.lang.Throwable,java.lang.Integer,java.lang.Throwable>
[ERROR]   reason: cannot infer type-variable(s) T,U,R
[ERROR]     (argument mismatch; org.apache.commons.lang3.function.FailableBiFunction<org.apache.commons.lang3.function.FailableTest.Testable<?,?>,java.lang.Throwable,java.lang.Integer,java.lang.Throwable> cannot be converted to org.apache.commons.lang3.function.invoker.FailableBiFunction<T,U,R,?>)
[ERROR] -> [Help 1]
[ERROR] 
[ERROR] To see the full stack trace of the errors, re-run Maven with the -e switch.
[ERROR] Re-run Maven using the -X switch to enable full debug logging.
[ERROR] 
[ERROR] For more information about the errors and possible solutions, please read the following articles:
[ERROR] [Help 1] http://cwiki.apache.org/confluence/display/MAVEN/MojoFailureException
