[ERROR] COMPILATION ERROR : 
[ERROR] /data/henrique/langchain_prototype/new/data/repositories/commons-lang/src/main/java/org/apache/commons/lang3/concurrent/initializer/BackgroundInitializer.java:[88,47] cannot find symbol
  symbol: class AbstractConcurrentInitializer
[ERROR] /data/henrique/langchain_prototype/new/data/repositories/commons-lang/src/main/java/org/apache/commons/lang3/concurrent/initializer/BackgroundInitializer.java:[97,80] cannot find symbol
  symbol:   class AbstractBuilder
  location: class org.apache.commons.lang3.concurrent.initializer.BackgroundInitializer<T>
[ERROR] /data/henrique/langchain_prototype/new/data/repositories/commons-lang/src/main/java/org/apache/commons/lang3/concurrent/initializer/BackgroundInitializer.java:[213,61] cannot find symbol
  symbol:   class ConcurrentException
  location: class org.apache.commons.lang3.concurrent.initializer.BackgroundInitializer<T>
[ERROR] /data/henrique/langchain_prototype/new/data/repositories/commons-lang/src/main/java/org/apache/commons/lang3/concurrent/initializer/BackgroundInitializer.java:[213,121] cannot find symbol
  symbol:   class ConcurrentException
  location: class org.apache.commons.lang3.concurrent.initializer.BackgroundInitializer<T>
[ERROR] /data/henrique/langchain_prototype/new/data/repositories/commons-lang/src/main/java/org/apache/commons/lang3/concurrent/initializer/BackgroundInitializer.java:[258,27] cannot find symbol
  symbol:   class ConcurrentException
  location: class org.apache.commons.lang3.concurrent.initializer.BackgroundInitializer<T>
[ERROR] /data/henrique/langchain_prototype/new/data/repositories/commons-lang/src/main/java/org/apache/commons/lang3/concurrent/initializer/MultiBackgroundInitializer.java:[274,32] cannot find symbol
  symbol:   class ConcurrentException
  location: class org.apache.commons.lang3.concurrent.initializer.MultiBackgroundInitializer
[ERROR] /data/henrique/langchain_prototype/new/data/repositories/commons-lang/src/main/java/org/apache/commons/lang3/concurrent/initializer/MultiBackgroundInitializer.java:[119,35] cannot find symbol
  symbol:   class ConcurrentException
  location: class org.apache.commons.lang3.concurrent.initializer.MultiBackgroundInitializer.MultiBackgroundInitializerResults
[ERROR] /data/henrique/langchain_prototype/new/data/repositories/commons-lang/src/main/java/org/apache/commons/lang3/concurrent/initializer/MultiBackgroundInitializer.java:[130,35] cannot find symbol
  symbol:   class ConcurrentException
  location: class org.apache.commons.lang3.concurrent.initializer.MultiBackgroundInitializer.MultiBackgroundInitializerResults
[ERROR] /data/henrique/langchain_prototype/new/data/repositories/commons-lang/src/main/java/org/apache/commons/lang3/concurrent/initializer/MultiBackgroundInitializer.java:[163,16] cannot find symbol
  symbol:   class ConcurrentException
  location: class org.apache.commons.lang3.concurrent.initializer.MultiBackgroundInitializer.MultiBackgroundInitializerResults
[ERROR] /data/henrique/langchain_prototype/new/data/repositories/commons-lang/src/main/java/org/apache/commons/lang3/concurrent/initializer/BackgroundInitializer.java:[112,9] method does not override or implement a method from a supertype
[ERROR] /data/henrique/langchain_prototype/new/data/repositories/commons-lang/src/main/java/org/apache/commons/lang3/concurrent/initializer/BackgroundInitializer.java:[114,50] cannot find symbol
  symbol:   method getInitializer()
  location: class org.apache.commons.lang3.concurrent.initializer.BackgroundInitializer.Builder<I,T>
[ERROR] /data/henrique/langchain_prototype/new/data/repositories/commons-lang/src/main/java/org/apache/commons/lang3/concurrent/initializer/BackgroundInitializer.java:[114,68] cannot find symbol
  symbol:   method getCloser()
  location: class org.apache.commons.lang3.concurrent.initializer.BackgroundInitializer.Builder<I,T>
[ERROR] /data/henrique/langchain_prototype/new/data/repositories/commons-lang/src/main/java/org/apache/commons/lang3/concurrent/initializer/BackgroundInitializer.java:[126,20] cannot find symbol
  symbol:   method asThis()
  location: class org.apache.commons.lang3.concurrent.initializer.BackgroundInitializer.Builder<I,T>
[ERROR] /data/henrique/langchain_prototype/new/data/repositories/commons-lang/src/main/java/org/apache/commons/lang3/concurrent/initializer/BackgroundInitializer.java:[155,24] cannot find symbol
  symbol:   method initialize()
  location: class org.apache.commons.lang3.concurrent.initializer.BackgroundInitializer<T>.InitializationTask
[ERROR] /data/henrique/langchain_prototype/new/data/repositories/commons-lang/src/main/java/org/apache/commons/lang3/concurrent/initializer/BackgroundInitializer.java:[257,5] method does not override or implement a method from a supertype
[ERROR] /data/henrique/langchain_prototype/new/data/repositories/commons-lang/src/main/java/org/apache/commons/lang3/concurrent/initializer/BackgroundInitializer.java:[262,13] cannot find symbol
  symbol:   variable ConcurrentUtils
  location: class org.apache.commons.lang3.concurrent.initializer.BackgroundInitializer<T>
[ERROR] /data/henrique/langchain_prototype/new/data/repositories/commons-lang/src/main/java/org/apache/commons/lang3/concurrent/initializer/BackgroundInitializer.java:[267,23] cannot find symbol
  symbol:   class ConcurrentException
  location: class org.apache.commons.lang3.concurrent.initializer.BackgroundInitializer<T>
[ERROR] /data/henrique/langchain_prototype/new/data/repositories/commons-lang/src/main/java/org/apache/commons/lang3/concurrent/initializer/BackgroundInitializer.java:[326,5] method does not override or implement a method from a supertype
[ERROR] /data/henrique/langchain_prototype/new/data/repositories/commons-lang/src/main/java/org/apache/commons/lang3/concurrent/initializer/BackgroundInitializer.java:[340,5] method does not override or implement a method from a supertype
[ERROR] /data/henrique/langchain_prototype/new/data/repositories/commons-lang/src/main/java/org/apache/commons/lang3/concurrent/CallableBackgroundInitializer.java:[125,5] method does not override or implement a method from a supertype
[ERROR] /data/henrique/langchain_prototype/new/data/repositories/commons-lang/src/main/java/org/apache/commons/lang3/concurrent/initializer/MultiBackgroundInitializer.java:[273,5] method does not override or implement a method from a supertype
[ERROR] /data/henrique/langchain_prototype/new/data/repositories/commons-lang/src/main/java/org/apache/commons/lang3/concurrent/initializer/MultiBackgroundInitializer.java:[275,9] cannot find symbol
  symbol:   class ConcurrentException
  location: class org.apache.commons.lang3.concurrent.initializer.MultiBackgroundInitializer
[ERROR] /data/henrique/langchain_prototype/new/data/repositories/commons-lang/src/main/java/org/apache/commons/lang3/concurrent/initializer/MultiBackgroundInitializer.java:[278,22] cannot find symbol
  symbol:   method close()
  location: variable child of type org.apache.commons.lang3.concurrent.initializer.BackgroundInitializer<?>
[ERROR] /data/henrique/langchain_prototype/new/data/repositories/commons-lang/src/main/java/org/apache/commons/lang3/concurrent/initializer/MultiBackgroundInitializer.java:[281,37] cannot find symbol
  symbol:   class ConcurrentException
  location: class org.apache.commons.lang3.concurrent.initializer.MultiBackgroundInitializer
[ERROR] /data/henrique/langchain_prototype/new/data/repositories/commons-lang/src/main/java/org/apache/commons/lang3/concurrent/initializer/MultiBackgroundInitializer.java:[283,34] cannot find symbol
  symbol:   class ConcurrentException
  location: class org.apache.commons.lang3.concurrent.initializer.MultiBackgroundInitializer
[ERROR] /data/henrique/langchain_prototype/new/data/repositories/commons-lang/src/main/java/org/apache/commons/lang3/concurrent/initializer/MultiBackgroundInitializer.java:[322,5] method does not override or implement a method from a supertype
[ERROR] /data/henrique/langchain_prototype/new/data/repositories/commons-lang/src/main/java/org/apache/commons/lang3/concurrent/initializer/MultiBackgroundInitializer.java:[340,27] cannot find symbol
  symbol:   class ConcurrentException
  location: class org.apache.commons.lang3.concurrent.initializer.MultiBackgroundInitializer
[ERROR] /data/henrique/langchain_prototype/new/data/repositories/commons-lang/src/main/java/org/apache/commons/lang3/concurrent/initializer/MultiBackgroundInitializer.java:[344,28] cannot find symbol
  symbol:   class ConcurrentException
  location: class org.apache.commons.lang3.concurrent.initializer.MultiBackgroundInitializer
[ERROR] Failed to execute goal org.apache.maven.plugins:maven-compiler-plugin:3.15.0:compile (default-compile) on project commons-lang3: Compilation failure: Compilation failure: 
[ERROR] /data/henrique/langchain_prototype/new/data/repositories/commons-lang/src/main/java/org/apache/commons/lang3/concurrent/initializer/BackgroundInitializer.java:[88,47] cannot find symbol
[ERROR]   symbol: class AbstractConcurrentInitializer
[ERROR] /data/henrique/langchain_prototype/new/data/repositories/commons-lang/src/main/java/org/apache/commons/lang3/concurrent/initializer/BackgroundInitializer.java:[97,80] cannot find symbol
[ERROR]   symbol:   class AbstractBuilder
[ERROR]   location: class org.apache.commons.lang3.concurrent.initializer.BackgroundInitializer<T>
[ERROR] /data/henrique/langchain_prototype/new/data/repositories/commons-lang/src/main/java/org/apache/commons/lang3/concurrent/initializer/BackgroundInitializer.java:[213,61] cannot find symbol
[ERROR]   symbol:   class ConcurrentException
[ERROR]   location: class org.apache.commons.lang3.concurrent.initializer.BackgroundInitializer<T>
[ERROR] /data/henrique/langchain_prototype/new/data/repositories/commons-lang/src/main/java/org/apache/commons/lang3/concurrent/initializer/BackgroundInitializer.java:[213,121] cannot find symbol
[ERROR]   symbol:   class ConcurrentException
[ERROR]   location: class org.apache.commons.lang3.concurrent.initializer.BackgroundInitializer<T>
[ERROR] /data/henrique/langchain_prototype/new/data/repositories/commons-lang/src/main/java/org/apache/commons/lang3/concurrent/initializer/BackgroundInitializer.java:[258,27] cannot find symbol
[ERROR]   symbol:   class ConcurrentException
[ERROR]   location: class org.apache.commons.lang3.concurrent.initializer.BackgroundInitializer<T>
[ERROR] /data/henrique/langchain_prototype/new/data/repositories/commons-lang/src/main/java/org/apache/commons/lang3/concurrent/initializer/MultiBackgroundInitializer.java:[274,32] cannot find symbol
[ERROR]   symbol:   class ConcurrentException
[ERROR]   location: class org.apache.commons.lang3.concurrent.initializer.MultiBackgroundInitializer
[ERROR] /data/henrique/langchain_prototype/new/data/repositories/commons-lang/src/main/java/org/apache/commons/lang3/concurrent/initializer/MultiBackgroundInitializer.java:[119,35] cannot find symbol
[ERROR]   symbol:   class ConcurrentException
[ERROR]   location: class org.apache.commons.lang3.concurrent.initializer.MultiBackgroundInitializer.MultiBackgroundInitializerResults
[ERROR] /data/henrique/langchain_prototype/new/data/repositories/commons-lang/src/main/java/org/apache/commons/lang3/concurrent/initializer/MultiBackgroundInitializer.java:[130,35] cannot find symbol
[ERROR]   symbol:   class ConcurrentException
[ERROR]   location: class org.apache.commons.lang3.concurrent.initializer.MultiBackgroundInitializer.MultiBackgroundInitializerResults
[ERROR] /data/henrique/langchain_prototype/new/data/repositories/commons-lang/src/main/java/org/apache/commons/lang3/concurrent/initializer/MultiBackgroundInitializer.java:[163,16] cannot find symbol
[ERROR]   symbol:   class ConcurrentException
[ERROR]   location: class org.apache.commons.lang3.concurrent.initializer.MultiBackgroundInitializer.MultiBackgroundInitializerResults
[ERROR] /data/henrique/langchain_prototype/new/data/repositories/commons-lang/src/main/java/org/apache/commons/lang3/concurrent/initializer/BackgroundInitializer.java:[112,9] method does not override or implement a method from a supertype
[ERROR] /data/henrique/langchain_prototype/new/data/repositories/commons-lang/src/main/java/org/apache/commons/lang3/concurrent/initializer/BackgroundInitializer.java:[114,50] cannot find symbol
[ERROR]   symbol:   method getInitializer()
[ERROR]   location: class org.apache.commons.lang3.concurrent.initializer.BackgroundInitializer.Builder<I,T>
[ERROR] /data/henrique/langchain_prototype/new/data/repositories/commons-lang/src/main/java/org/apache/commons/lang3/concurrent/initializer/BackgroundInitializer.java:[114,68] cannot find symbol
[ERROR]   symbol:   method getCloser()
[ERROR]   location: class org.apache.commons.lang3.concurrent.initializer.BackgroundInitializer.Builder<I,T>
[ERROR] /data/henrique/langchain_prototype/new/data/repositories/commons-lang/src/main/java/org/apache/commons/lang3/concurrent/initializer/BackgroundInitializer.java:[126,20] cannot find symbol
[ERROR]   symbol:   method asThis()
[ERROR]   location: class org.apache.commons.lang3.concurrent.initializer.BackgroundInitializer.Builder<I,T>
[ERROR] /data/henrique/langchain_prototype/new/data/repositories/commons-lang/src/main/java/org/apache/commons/lang3/concurrent/initializer/BackgroundInitializer.java:[155,24] cannot find symbol
[ERROR]   symbol:   method initialize()
[ERROR]   location: class org.apache.commons.lang3.concurrent.initializer.BackgroundInitializer<T>.InitializationTask
[ERROR] /data/henrique/langchain_prototype/new/data/repositories/commons-lang/src/main/java/org/apache/commons/lang3/concurrent/initializer/BackgroundInitializer.java:[257,5] method does not override or implement a method from a supertype
[ERROR] /data/henrique/langchain_prototype/new/data/repositories/commons-lang/src/main/java/org/apache/commons/lang3/concurrent/initializer/BackgroundInitializer.java:[262,13] cannot find symbol
[ERROR]   symbol:   variable ConcurrentUtils
[ERROR]   location: class org.apache.commons.lang3.concurrent.initializer.BackgroundInitializer<T>
[ERROR] /data/henrique/langchain_prototype/new/data/repositories/commons-lang/src/main/java/org/apache/commons/lang3/concurrent/initializer/BackgroundInitializer.java:[267,23] cannot find symbol
[ERROR]   symbol:   class ConcurrentException
[ERROR]   location: class org.apache.commons.lang3.concurrent.initializer.BackgroundInitializer<T>
[ERROR] /data/henrique/langchain_prototype/new/data/repositories/commons-lang/src/main/java/org/apache/commons/lang3/concurrent/initializer/BackgroundInitializer.java:[326,5] method does not override or implement a method from a supertype
[ERROR] /data/henrique/langchain_prototype/new/data/repositories/commons-lang/src/main/java/org/apache/commons/lang3/concurrent/initializer/BackgroundInitializer.java:[340,5] method does not override or implement a method from a supertype
[ERROR] /data/henrique/langchain_prototype/new/data/repositories/commons-lang/src/main/java/org/apache/commons/lang3/concurrent/CallableBackgroundInitializer.java:[125,5] method does not override or implement a method from a supertype
[ERROR] /data/henrique/langchain_prototype/new/data/repositories/commons-lang/src/main/java/org/apache/commons/lang3/concurrent/initializer/MultiBackgroundInitializer.java:[273,5] method does not override or implement a method from a supertype
[ERROR] /data/henrique/langchain_prototype/new/data/repositories/commons-lang/src/main/java/org/apache/commons/lang3/concurrent/initializer/MultiBackgroundInitializer.java:[275,9] cannot find symbol
[ERROR]   symbol:   class ConcurrentException
[ERROR]   location: class org.apache.commons.lang3.concurrent.initializer.MultiBackgroundInitializer
[ERROR] /data/henrique/langchain_prototype/new/data/repositories/commons-lang/src/main/java/org/apache/commons/lang3/concurrent/initializer/MultiBackgroundInitializer.java:[278,22] cannot find symbol
[ERROR]   symbol:   method close()
[ERROR]   location: variable child of type org.apache.commons.lang3.concurrent.initializer.BackgroundInitializer<?>
[ERROR] /data/henrique/langchain_prototype/new/data/repositories/commons-lang/src/main/java/org/apache/commons/lang3/concurrent/initializer/MultiBackgroundInitializer.java:[281,37] cannot find symbol
[ERROR]   symbol:   class ConcurrentException
[ERROR]   location: class org.apache.commons.lang3.concurrent.initializer.MultiBackgroundInitializer
[ERROR] /data/henrique/langchain_prototype/new/data/repositories/commons-lang/src/main/java/org/apache/commons/lang3/concurrent/initializer/MultiBackgroundInitializer.java:[283,34] cannot find symbol
[ERROR]   symbol:   class ConcurrentException
[ERROR]   location: class org.apache.commons.lang3.concurrent.initializer.MultiBackgroundInitializer
[ERROR] /data/henrique/langchain_prototype/new/data/repositories/commons-lang/src/main/java/org/apache/commons/lang3/concurrent/initializer/MultiBackgroundInitializer.java:[322,5] method does not override or implement a method from a supertype
[ERROR] /data/henrique/langchain_prototype/new/data/repositories/commons-lang/src/main/java/org/apache/commons/lang3/concurrent/initializer/MultiBackgroundInitializer.java:[340,27] cannot find symbol
[ERROR]   symbol:   class ConcurrentException
[ERROR]   location: class org.apache.commons.lang3.concurrent.initializer.MultiBackgroundInitializer
[ERROR] /data/henrique/langchain_prototype/new/data/repositories/commons-lang/src/main/java/org/apache/commons/lang3/concurrent/initializer/MultiBackgroundInitializer.java:[344,28] cannot find symbol
[ERROR]   symbol:   class ConcurrentException
[ERROR]   location: class org.apache.commons.lang3.concurrent.initializer.MultiBackgroundInitializer
[ERROR] -> [Help 1]
[ERROR] 
[ERROR] To see the full stack trace of the errors, re-run Maven with the -e switch.
[ERROR] Re-run Maven using the -X switch to enable full debug logging.
[ERROR] 
[ERROR] For more information about the errors and possible solutions, please read the following articles:
[ERROR] [Help 1] http://cwiki.apache.org/confluence/display/MAVEN/MojoFailureException
