[INFO] Scanning for projects...
Downloading from central: https://repo.maven.apache.org/maven2/org/openrewrite/maven/rewrite-maven-plugin/maven-metadata.xml
Progress (1): 4.7 kB
Progress (1): 8.8 kB
Progress (1): 9.1 kB
                    
Downloaded from central: https://repo.maven.apache.org/maven2/org/openrewrite/maven/rewrite-maven-plugin/maven-metadata.xml (9.1 kB at 30 kB/s)
[INFO] 
[INFO] ------------------< org.apache.commons:commons-lang3 >------------------
[INFO] Building Apache Commons Lang 3.21.0-SNAPSHOT
[INFO]   from pom.xml
[INFO] --------------------------------[ jar ]---------------------------------
[INFO] 
[INFO] --- rewrite:6.41.0:runNoFork (default-cli) @ commons-lang3 ---
[INFO] Using active recipe(s) [source_refactor.MoveClassBlock1]
[INFO] Using active styles(s) []
[INFO] Validating active recipes...
[INFO] Project [Apache Commons Lang] Resolving Poms...
[INFO] Project [Apache Commons Lang] Parsing source files
[INFO] Running recipe(s)...
[WARNING] File has been moved from src/main/java/org/apache/commons/lang3/concurrent/BackgroundInitializer.java to src/main/java/org/apache/commons/lang3/concurrent/initializer/BackgroundInitializer.java by:
[WARNING]     org.openrewrite.java.ChangeType: {oldFullyQualifiedTypeName=org.apache.commons.lang3.concurrent.BackgroundInitializer, newFullyQualifiedTypeName=org.apache.commons.lang3.concurrent.initializer.BackgroundInitializer}
[WARNING] File has been moved from src/main/java/org/apache/commons/lang3/concurrent/MultiBackgroundInitializer.java to src/main/java/org/apache/commons/lang3/concurrent/initializer/MultiBackgroundInitializer.java by:
[WARNING]     org.openrewrite.java.ChangeType: {oldFullyQualifiedTypeName=org.apache.commons.lang3.concurrent.BackgroundInitializer, newFullyQualifiedTypeName=org.apache.commons.lang3.concurrent.initializer.BackgroundInitializer}
[WARNING]         org.openrewrite.java.ChangeType: {oldFullyQualifiedTypeName=org.apache.commons.lang3.concurrent.MultiBackgroundInitializer, newFullyQualifiedTypeName=org.apache.commons.lang3.concurrent.initializer.MultiBackgroundInitializer}
[WARNING] Changes have been made to src/main/java/org/apache/commons/lang3/concurrent/CallableBackgroundInitializer.java by:
[WARNING]     org.openrewrite.java.ChangeType: {oldFullyQualifiedTypeName=org.apache.commons.lang3.concurrent.BackgroundInitializer, newFullyQualifiedTypeName=org.apache.commons.lang3.concurrent.initializer.BackgroundInitializer}
[WARNING] Changes have been made to src/test/java/org/apache/commons/lang3/concurrent/BackgroundInitializerTest.java by:
[WARNING]     org.openrewrite.java.ChangeType: {oldFullyQualifiedTypeName=org.apache.commons.lang3.concurrent.BackgroundInitializer, newFullyQualifiedTypeName=org.apache.commons.lang3.concurrent.initializer.BackgroundInitializer}
[WARNING] Changes have been made to src/test/java/org/apache/commons/lang3/concurrent/MultiBackgroundInitializerSupplierTest.java by:
[WARNING]     org.openrewrite.java.ChangeType: {oldFullyQualifiedTypeName=org.apache.commons.lang3.concurrent.BackgroundInitializer, newFullyQualifiedTypeName=org.apache.commons.lang3.concurrent.initializer.BackgroundInitializer}
[WARNING]         org.openrewrite.java.ChangeType: {oldFullyQualifiedTypeName=org.apache.commons.lang3.concurrent.MultiBackgroundInitializer, newFullyQualifiedTypeName=org.apache.commons.lang3.concurrent.initializer.MultiBackgroundInitializer}
[WARNING] Changes have been made to src/test/java/org/apache/commons/lang3/concurrent/MultiBackgroundInitializerTest.java by:
[WARNING]     org.openrewrite.java.ChangeType: {oldFullyQualifiedTypeName=org.apache.commons.lang3.concurrent.BackgroundInitializer, newFullyQualifiedTypeName=org.apache.commons.lang3.concurrent.initializer.BackgroundInitializer}
[WARNING]         org.openrewrite.java.ChangeType: {oldFullyQualifiedTypeName=org.apache.commons.lang3.concurrent.MultiBackgroundInitializer, newFullyQualifiedTypeName=org.apache.commons.lang3.concurrent.initializer.MultiBackgroundInitializer}
[WARNING] Please review and commit the results.
[WARNING] Estimate time saved: 45m
[INFO] ------------------------------------------------------------------------
[INFO] BUILD SUCCESS
[INFO] ------------------------------------------------------------------------
[INFO] Total time:  19.603 s
[INFO] Finished at: 2026-06-16T10:45:35-03:00
[INFO] ------------------------------------------------------------------------
