[ERROR] COMPILATION ERROR : 
[ERROR] /data/henrique/langchain_prototype/new/data/repositories/commons-lang/src/main/java/org/apache/commons/lang3/function/failable/Failable.java:[111,59] cannot find symbol
  symbol:   class FailableDoubleConsumer
  location: class org.apache.commons.lang3.function.failable.Failable
[ERROR] /data/henrique/langchain_prototype/new/data/repositories/commons-lang/src/main/java/org/apache/commons/lang3/function/failable/Failable.java:[122,59] cannot find symbol
  symbol:   class FailableIntConsumer
  location: class org.apache.commons.lang3.function.failable.Failable
[ERROR] /data/henrique/langchain_prototype/new/data/repositories/commons-lang/src/main/java/org/apache/commons/lang3/function/failable/Failable.java:[133,59] cannot find symbol
  symbol:   class FailableLongConsumer
  location: class org.apache.commons.lang3.function.failable.Failable
[ERROR] /data/henrique/langchain_prototype/new/data/repositories/commons-lang/src/main/java/org/apache/commons/lang3/function/failable/Failable.java:[164,61] cannot find symbol
  symbol:   class FailableFunction
  location: class org.apache.commons.lang3.function.failable.Failable
[ERROR] /data/henrique/langchain_prototype/new/data/repositories/commons-lang/src/main/java/org/apache/commons/lang3/function/failable/Failable.java:[177,68] cannot find symbol
  symbol:   class FailableDoubleBinaryOperator
  location: class org.apache.commons.lang3.function.failable.Failable
[ERROR] /data/henrique/langchain_prototype/new/data/repositories/commons-lang/src/main/java/org/apache/commons/lang3/function/failable/Failable.java:[207,83] cannot find symbol
  symbol:   class FailableFunction
  location: class org.apache.commons.lang3.function.failable.Failable
[ERROR] /data/henrique/langchain_prototype/new/data/repositories/commons-lang/src/main/java/org/apache/commons/lang3/function/failable/Failable.java:[242,19] cannot find symbol
  symbol:   class FailableFunction
  location: class org.apache.commons.lang3.function.failable.Failable
[ERROR] /data/henrique/langchain_prototype/new/data/repositories/commons-lang/src/main/java/org/apache/commons/lang3/function/failable/Failable.java:[242,79] cannot find symbol
  symbol:   class FailableFunction
  location: class org.apache.commons.lang3.function.failable.Failable
[ERROR] /data/henrique/langchain_prototype/new/data/repositories/commons-lang/src/main/java/org/apache/commons/lang3/function/failable/Failable.java:[282,19] cannot find symbol
  symbol:   class FailableFunction
  location: class org.apache.commons.lang3.function.failable.Failable
[ERROR] /data/henrique/langchain_prototype/new/data/repositories/commons-lang/src/main/java/org/apache/commons/lang3/function/failable/Failable.java:[282,79] cannot find symbol
  symbol:   class FailableFunction
  location: class org.apache.commons.lang3.function.failable.Failable
[ERROR] /data/henrique/langchain_prototype/new/data/repositories/commons-lang/src/main/java/org/apache/commons/lang3/function/failable/Failable.java:[283,19] cannot find symbol
  symbol:   class FailableFunction
  location: class org.apache.commons.lang3.function.failable.Failable
[ERROR] /data/henrique/langchain_prototype/new/data/repositories/commons-lang/src/main/java/org/apache/commons/lang3/function/failable/Failable.java:[320,64] cannot find symbol
  symbol:   class FailableBiPredicate
  location: class org.apache.commons.lang3.function.failable.Failable
[ERROR] /data/henrique/langchain_prototype/new/data/repositories/commons-lang/src/main/java/org/apache/commons/lang3/function/failable/Failable.java:[331,52] cannot find symbol
  symbol:   class FailableCallable
  location: class org.apache.commons.lang3.function.failable.Failable
[ERROR] /data/henrique/langchain_prototype/new/data/repositories/commons-lang/src/main/java/org/apache/commons/lang3/function/failable/Failable.java:[354,58] cannot find symbol
  symbol:   class FailableFunction
  location: class org.apache.commons.lang3.function.failable.Failable
[ERROR] /data/henrique/langchain_prototype/new/data/repositories/commons-lang/src/main/java/org/apache/commons/lang3/function/failable/Failable.java:[365,54] cannot find symbol
  symbol:   class FailablePredicate
  location: class org.apache.commons.lang3.function.failable.Failable
[ERROR] /data/henrique/langchain_prototype/new/data/repositories/commons-lang/src/main/java/org/apache/commons/lang3/function/failable/Failable.java:[386,52] cannot find symbol
  symbol:   class FailableSupplier
  location: class org.apache.commons.lang3.function.failable.Failable
[ERROR] /data/henrique/langchain_prototype/new/data/repositories/commons-lang/src/main/java/org/apache/commons/lang3/function/failable/Failable.java:[398,57] cannot find symbol
  symbol:   class FailableCallable
  location: class org.apache.commons.lang3.function.failable.Failable
[ERROR] /data/henrique/langchain_prototype/new/data/repositories/commons-lang/src/main/java/org/apache/commons/lang3/function/failable/Failable.java:[410,56] cannot find symbol
  symbol:   class FailableSupplier
  location: class org.apache.commons.lang3.function.failable.Failable
[ERROR] /data/henrique/langchain_prototype/new/data/repositories/commons-lang/src/main/java/org/apache/commons/lang3/function/failable/Failable.java:[425,68] cannot find symbol
  symbol:   class FailableBooleanSupplier
  location: class org.apache.commons.lang3.function.failable.Failable
[ERROR] /data/henrique/langchain_prototype/new/data/repositories/commons-lang/src/main/java/org/apache/commons/lang3/function/failable/Failable.java:[440,66] cannot find symbol
  symbol:   class FailableDoubleSupplier
  location: class org.apache.commons.lang3.function.failable.Failable
[ERROR] /data/henrique/langchain_prototype/new/data/repositories/commons-lang/src/main/java/org/apache/commons/lang3/function/failable/Failable.java:[455,60] cannot find symbol
  symbol:   class FailableIntSupplier
  location: class org.apache.commons.lang3.function.failable.Failable
[ERROR] /data/henrique/langchain_prototype/new/data/repositories/commons-lang/src/main/java/org/apache/commons/lang3/function/failable/Failable.java:[470,62] cannot find symbol
  symbol:   class FailableLongSupplier
  location: class org.apache.commons.lang3.function.failable.Failable
[ERROR] /data/henrique/langchain_prototype/new/data/repositories/commons-lang/src/main/java/org/apache/commons/lang3/function/failable/Failable.java:[485,64] cannot find symbol
  symbol:   class FailableShortSupplier
  location: class org.apache.commons.lang3.function.failable.Failable
[ERROR] /data/henrique/langchain_prototype/new/data/repositories/commons-lang/src/main/java/org/apache/commons/lang3/function/failable/Failable.java:[584,66] cannot find symbol
  symbol:   class FailableBiPredicate
  location: class org.apache.commons.lang3.function.failable.Failable
[ERROR] /data/henrique/langchain_prototype/new/data/repositories/commons-lang/src/main/java/org/apache/commons/lang3/function/failable/Failable.java:[598,63] cannot find symbol
  symbol:   class FailablePredicate
  location: class org.apache.commons.lang3.function.failable.Failable
[ERROR] /data/henrique/langchain_prototype/new/data/repositories/commons-lang/src/main/java/org/apache/commons/lang3/Functions.java:[635,17] no suitable method found for tryWithResources(action::run,errorHandl[...] null,org.apache.commons.lang3.Functions.FailableRunnable<?>[])
    method org.apache.commons.lang3.function.failable.Failable.tryWithResources(org.apache.commons.lang3.function.failable.FailableRunnable<? extends java.lang.Throwable>,org.apache.commons.lang3.function.failable.FailableConsumer<java.lang.Throwable,? extends java.lang.Throwable>,org.apache.commons.lang3.function.failable.FailableRunnable<? extends java.lang.Throwable>...) is not applicable
      (varargs mismatch; org.apache.commons.lang3.Functions.FailableRunnable<?>[] cannot be converted to org.apache.commons.lang3.function.failable.FailableRunnable<? extends java.lang.Throwable>)
    method org.apache.commons.lang3.function.failable.Failable.tryWithResources(org.apache.commons.lang3.function.failable.FailableRunnable<? extends java.lang.Throwable>,org.apache.commons.lang3.function.failable.FailableRunnable<? extends java.lang.Throwable>...) is not applicable
      (varargs mismatch; bad type in conditional expression
          invalid method reference
            method accept in interface org.apache.commons.lang3.Functions.FailableConsumer<O,T> cannot be applied to given types
              required: java.lang.Throwable
              found:    no arguments
              reason: actual and formal argument lists differ in length)
[ERROR] /data/henrique/langchain_prototype/new/data/repositories/commons-lang/src/main/java/org/apache/commons/lang3/function/failable/Failable.java:[151,16] incompatible types: <any> is not a functional interface
[ERROR] /data/henrique/langchain_prototype/new/data/repositories/commons-lang/src/main/java/org/apache/commons/lang3/function/failable/Failable.java:[165,16] incompatible types: <any> is not a functional interface
[ERROR] /data/henrique/langchain_prototype/new/data/repositories/commons-lang/src/main/java/org/apache/commons/lang3/function/failable/Failable.java:[179,16] incompatible types: <any> is not a functional interface
[ERROR] /data/henrique/langchain_prototype/new/data/repositories/commons-lang/src/main/java/org/apache/commons/lang3/function/failable/Failable.java:[586,16] incompatible types: <any> is not a functional interface
[ERROR] /data/henrique/langchain_prototype/new/data/repositories/commons-lang/src/main/java/org/apache/commons/lang3/function/failable/Failable.java:[599,16] incompatible types: <any> is not a functional interface
[ERROR] Failed to execute goal org.apache.maven.plugins:maven-compiler-plugin:3.15.0:compile (default-compile) on project commons-lang3: Compilation failure: Compilation failure: 
[ERROR] /data/henrique/langchain_prototype/new/data/repositories/commons-lang/src/main/java/org/apache/commons/lang3/function/failable/Failable.java:[111,59] cannot find symbol
[ERROR]   symbol:   class FailableDoubleConsumer
[ERROR]   location: class org.apache.commons.lang3.function.failable.Failable
[ERROR] /data/henrique/langchain_prototype/new/data/repositories/commons-lang/src/main/java/org/apache/commons/lang3/function/failable/Failable.java:[122,59] cannot find symbol
[ERROR]   symbol:   class FailableIntConsumer
[ERROR]   location: class org.apache.commons.lang3.function.failable.Failable
[ERROR] /data/henrique/langchain_prototype/new/data/repositories/commons-lang/src/main/java/org/apache/commons/lang3/function/failable/Failable.java:[133,59] cannot find symbol
[ERROR]   symbol:   class FailableLongConsumer
[ERROR]   location: class org.apache.commons.lang3.function.failable.Failable
[ERROR] /data/henrique/langchain_prototype/new/data/repositories/commons-lang/src/main/java/org/apache/commons/lang3/function/failable/Failable.java:[164,61] cannot find symbol
[ERROR]   symbol:   class FailableFunction
[ERROR]   location: class org.apache.commons.lang3.function.failable.Failable
[ERROR] /data/henrique/langchain_prototype/new/data/repositories/commons-lang/src/main/java/org/apache/commons/lang3/function/failable/Failable.java:[177,68] cannot find symbol
[ERROR]   symbol:   class FailableDoubleBinaryOperator
[ERROR]   location: class org.apache.commons.lang3.function.failable.Failable
[ERROR] /data/henrique/langchain_prototype/new/data/repositories/commons-lang/src/main/java/org/apache/commons/lang3/function/failable/Failable.java:[207,83] cannot find symbol
[ERROR]   symbol:   class FailableFunction
[ERROR]   location: class org.apache.commons.lang3.function.failable.Failable
[ERROR] /data/henrique/langchain_prototype/new/data/repositories/commons-lang/src/main/java/org/apache/commons/lang3/function/failable/Failable.java:[242,19] cannot find symbol
[ERROR]   symbol:   class FailableFunction
[ERROR]   location: class org.apache.commons.lang3.function.failable.Failable
[ERROR] /data/henrique/langchain_prototype/new/data/repositories/commons-lang/src/main/java/org/apache/commons/lang3/function/failable/Failable.java:[242,79] cannot find symbol
[ERROR]   symbol:   class FailableFunction
[ERROR]   location: class org.apache.commons.lang3.function.failable.Failable
[ERROR] /data/henrique/langchain_prototype/new/data/repositories/commons-lang/src/main/java/org/apache/commons/lang3/function/failable/Failable.java:[282,19] cannot find symbol
[ERROR]   symbol:   class FailableFunction
[ERROR]   location: class org.apache.commons.lang3.function.failable.Failable
[ERROR] /data/henrique/langchain_prototype/new/data/repositories/commons-lang/src/main/java/org/apache/commons/lang3/function/failable/Failable.java:[282,79] cannot find symbol
[ERROR]   symbol:   class FailableFunction
[ERROR]   location: class org.apache.commons.lang3.function.failable.Failable
[ERROR] /data/henrique/langchain_prototype/new/data/repositories/commons-lang/src/main/java/org/apache/commons/lang3/function/failable/Failable.java:[283,19] cannot find symbol
[ERROR]   symbol:   class FailableFunction
[ERROR]   location: class org.apache.commons.lang3.function.failable.Failable
[ERROR] /data/henrique/langchain_prototype/new/data/repositories/commons-lang/src/main/java/org/apache/commons/lang3/function/failable/Failable.java:[320,64] cannot find symbol
[ERROR]   symbol:   class FailableBiPredicate
[ERROR]   location: class org.apache.commons.lang3.function.failable.Failable
[ERROR] /data/henrique/langchain_prototype/new/data/repositories/commons-lang/src/main/java/org/apache/commons/lang3/function/failable/Failable.java:[331,52] cannot find symbol
[ERROR]   symbol:   class FailableCallable
[ERROR]   location: class org.apache.commons.lang3.function.failable.Failable
[ERROR] /data/henrique/langchain_prototype/new/data/repositories/commons-lang/src/main/java/org/apache/commons/lang3/function/failable/Failable.java:[354,58] cannot find symbol
[ERROR]   symbol:   class FailableFunction
[ERROR]   location: class org.apache.commons.lang3.function.failable.Failable
[ERROR] /data/henrique/langchain_prototype/new/data/repositories/commons-lang/src/main/java/org/apache/commons/lang3/function/failable/Failable.java:[365,54] cannot find symbol
[ERROR]   symbol:   class FailablePredicate
[ERROR]   location: class org.apache.commons.lang3.function.failable.Failable
[ERROR] /data/henrique/langchain_prototype/new/data/repositories/commons-lang/src/main/java/org/apache/commons/lang3/function/failable/Failable.java:[386,52] cannot find symbol
[ERROR]   symbol:   class FailableSupplier
[ERROR]   location: class org.apache.commons.lang3.function.failable.Failable
[ERROR] /data/henrique/langchain_prototype/new/data/repositories/commons-lang/src/main/java/org/apache/commons/lang3/function/failable/Failable.java:[398,57] cannot find symbol
[ERROR]   symbol:   class FailableCallable
[ERROR]   location: class org.apache.commons.lang3.function.failable.Failable
[ERROR] /data/henrique/langchain_prototype/new/data/repositories/commons-lang/src/main/java/org/apache/commons/lang3/function/failable/Failable.java:[410,56] cannot find symbol
[ERROR]   symbol:   class FailableSupplier
[ERROR]   location: class org.apache.commons.lang3.function.failable.Failable
[ERROR] /data/henrique/langchain_prototype/new/data/repositories/commons-lang/src/main/java/org/apache/commons/lang3/function/failable/Failable.java:[425,68] cannot find symbol
[ERROR]   symbol:   class FailableBooleanSupplier
[ERROR]   location: class org.apache.commons.lang3.function.failable.Failable
[ERROR] /data/henrique/langchain_prototype/new/data/repositories/commons-lang/src/main/java/org/apache/commons/lang3/function/failable/Failable.java:[440,66] cannot find symbol
[ERROR]   symbol:   class FailableDoubleSupplier
[ERROR]   location: class org.apache.commons.lang3.function.failable.Failable
[ERROR] /data/henrique/langchain_prototype/new/data/repositories/commons-lang/src/main/java/org/apache/commons/lang3/function/failable/Failable.java:[455,60] cannot find symbol
[ERROR]   symbol:   class FailableIntSupplier
[ERROR]   location: class org.apache.commons.lang3.function.failable.Failable
[ERROR] /data/henrique/langchain_prototype/new/data/repositories/commons-lang/src/main/java/org/apache/commons/lang3/function/failable/Failable.java:[470,62] cannot find symbol
[ERROR]   symbol:   class FailableLongSupplier
[ERROR]   location: class org.apache.commons.lang3.function.failable.Failable
[ERROR] /data/henrique/langchain_prototype/new/data/repositories/commons-lang/src/main/java/org/apache/commons/lang3/function/failable/Failable.java:[485,64] cannot find symbol
[ERROR]   symbol:   class FailableShortSupplier
[ERROR]   location: class org.apache.commons.lang3.function.failable.Failable
[ERROR] /data/henrique/langchain_prototype/new/data/repositories/commons-lang/src/main/java/org/apache/commons/lang3/function/failable/Failable.java:[584,66] cannot find symbol
[ERROR]   symbol:   class FailableBiPredicate
[ERROR]   location: class org.apache.commons.lang3.function.failable.Failable
[ERROR] /data/henrique/langchain_prototype/new/data/repositories/commons-lang/src/main/java/org/apache/commons/lang3/function/failable/Failable.java:[598,63] cannot find symbol
[ERROR]   symbol:   class FailablePredicate
[ERROR]   location: class org.apache.commons.lang3.function.failable.Failable
[ERROR] /data/henrique/langchain_prototype/new/data/repositories/commons-lang/src/main/java/org/apache/commons/lang3/Functions.java:[635,17] no suitable method found for tryWithResources(action::run,errorHandl[...] null,org.apache.commons.lang3.Functions.FailableRunnable<?>[])
[ERROR]     method org.apache.commons.lang3.function.failable.Failable.tryWithResources(org.apache.commons.lang3.function.failable.FailableRunnable<? extends java.lang.Throwable>,org.apache.commons.lang3.function.failable.FailableConsumer<java.lang.Throwable,? extends java.lang.Throwable>,org.apache.commons.lang3.function.failable.FailableRunnable<? extends java.lang.Throwable>...) is not applicable
[ERROR]       (varargs mismatch; org.apache.commons.lang3.Functions.FailableRunnable<?>[] cannot be converted to org.apache.commons.lang3.function.failable.FailableRunnable<? extends java.lang.Throwable>)
[ERROR]     method org.apache.commons.lang3.function.failable.Failable.tryWithResources(org.apache.commons.lang3.function.failable.FailableRunnable<? extends java.lang.Throwable>,org.apache.commons.lang3.function.failable.FailableRunnable<? extends java.lang.Throwable>...) is not applicable
[ERROR]       (varargs mismatch; bad type in conditional expression
[ERROR]           invalid method reference
[ERROR]             method accept in interface org.apache.commons.lang3.Functions.FailableConsumer<O,T> cannot be applied to given types
[ERROR]               required: java.lang.Throwable
[ERROR]               found:    no arguments
[ERROR]               reason: actual and formal argument lists differ in length)
[ERROR] /data/henrique/langchain_prototype/new/data/repositories/commons-lang/src/main/java/org/apache/commons/lang3/function/failable/Failable.java:[151,16] incompatible types: <any> is not a functional interface
[ERROR] /data/henrique/langchain_prototype/new/data/repositories/commons-lang/src/main/java/org/apache/commons/lang3/function/failable/Failable.java:[165,16] incompatible types: <any> is not a functional interface
[ERROR] /data/henrique/langchain_prototype/new/data/repositories/commons-lang/src/main/java/org/apache/commons/lang3/function/failable/Failable.java:[179,16] incompatible types: <any> is not a functional interface
[ERROR] /data/henrique/langchain_prototype/new/data/repositories/commons-lang/src/main/java/org/apache/commons/lang3/function/failable/Failable.java:[586,16] incompatible types: <any> is not a functional interface
[ERROR] /data/henrique/langchain_prototype/new/data/repositories/commons-lang/src/main/java/org/apache/commons/lang3/function/failable/Failable.java:[599,16] incompatible types: <any> is not a functional interface
[ERROR] -> [Help 1]
[ERROR] 
[ERROR] To see the full stack trace of the errors, re-run Maven with the -e switch.
[ERROR] Re-run Maven using the -X switch to enable full debug logging.
[ERROR] 
[ERROR] For more information about the errors and possible solutions, please read the following articles:
[ERROR] [Help 1] http://cwiki.apache.org/confluence/display/MAVEN/MojoFailureException
