[INFO] Scanning for projects...
Downloading from central: https://repo.maven.apache.org/maven2/org/openrewrite/maven/rewrite-maven-plugin/maven-metadata.xml
Progress (1): 4.7 kB
Progress (1): 8.8 kB
Progress (1): 9.1 kB
                    
Downloaded from central: https://repo.maven.apache.org/maven2/org/openrewrite/maven/rewrite-maven-plugin/maven-metadata.xml (9.1 kB at 29 kB/s)
[INFO] 
[INFO] ------------------< org.apache.commons:commons-lang3 >------------------
[INFO] Building Apache Commons Lang 3.21.0-SNAPSHOT
[INFO]   from pom.xml
[INFO] --------------------------------[ jar ]---------------------------------
[INFO] 
[INFO] --- rewrite:6.41.0:runNoFork (default-cli) @ commons-lang3 ---
[INFO] Using active recipe(s) [source_refactor.MoveClassBlock1]
[INFO] Using active styles(s) []
[INFO] Validating active recipes...
[INFO] Project [Apache Commons Lang] Resolving Poms...
[INFO] Project [Apache Commons Lang] Parsing source files
[INFO] Running recipe(s)...
[WARNING] File has been moved from src/main/java/org/apache/commons/lang3/function/TriConsumer.java to src/main/java/org/apache/commons/lang3/function/triple/TriConsumer.java by:
[WARNING]     org.openrewrite.java.ChangeType: {oldFullyQualifiedTypeName=org.apache.commons.lang3.function.TriConsumer, newFullyQualifiedTypeName=org.apache.commons.lang3.function.triple.TriConsumer}
[WARNING] File has been moved from src/main/java/org/apache/commons/lang3/function/TriFunction.java to src/main/java/org/apache/commons/lang3/function/triple/TriFunction.java by:
[WARNING]     org.openrewrite.java.ChangeType: {oldFullyQualifiedTypeName=org.apache.commons.lang3.function.TriFunction, newFullyQualifiedTypeName=org.apache.commons.lang3.function.triple.TriFunction}
[WARNING] Changes have been made to src/test/java/org/apache/commons/lang3/function/TriConsumerTest.java by:
[WARNING]     org.openrewrite.java.ChangeType: {oldFullyQualifiedTypeName=org.apache.commons.lang3.function.TriConsumer, newFullyQualifiedTypeName=org.apache.commons.lang3.function.triple.TriConsumer}
[WARNING] Changes have been made to src/test/java/org/apache/commons/lang3/function/TriFunctionTest.java by:
[WARNING]     org.openrewrite.java.ChangeType: {oldFullyQualifiedTypeName=org.apache.commons.lang3.function.TriFunction, newFullyQualifiedTypeName=org.apache.commons.lang3.function.triple.TriFunction}
[WARNING] Changes have been made to src/test/java/org/apache/commons/lang3/time/FastDateParserTest.java by:
[WARNING]     org.openrewrite.java.ChangeType: {oldFullyQualifiedTypeName=org.apache.commons.lang3.function.TriFunction, newFullyQualifiedTypeName=org.apache.commons.lang3.function.triple.TriFunction}
[WARNING] Changes have been made to src/test/java/org/apache/commons/lang3/time/FastDateParserJava15BugTest.java by:
[WARNING]     org.openrewrite.java.ChangeType: {oldFullyQualifiedTypeName=org.apache.commons.lang3.function.TriFunction, newFullyQualifiedTypeName=org.apache.commons.lang3.function.triple.TriFunction}
[WARNING] Please review and commit the results.
[WARNING] Estimate time saved: 30m
[INFO] ------------------------------------------------------------------------
[INFO] BUILD SUCCESS
[INFO] ------------------------------------------------------------------------
[INFO] Total time:  21.112 s
[INFO] Finished at: 2026-06-15T17:43:37-03:00
[INFO] ------------------------------------------------------------------------
