[ERROR] COMPILATION ERROR : 
[ERROR] /data/henrique/langchain_prototype/new/data/repositories/commons-lang/src/main/java/org/apache/commons/lang3/Strings.java:[1035,20] method isCaseSensitive() is already defined in class org.apache.commons.lang3.Strings
[ERROR] /data/henrique/langchain_prototype/new/data/repositories/commons-lang/src/main/java/org/apache/commons/lang3/builder/ToStringStyle.java:[2063,23] cannot find symbol
  symbol:   method endsWith(java.lang.StringBuffer,java.lang.String)
  location: variable CS of type org.apache.commons.lang3.Strings
[ERROR] /data/henrique/langchain_prototype/new/data/repositories/commons-lang/src/main/java/org/apache/commons/lang3/StringUtils.java:[462,26] cannot find symbol
  symbol:   method appendIfMissing(java.lang.String,java.lang.CharSequence,java.lang.CharSequence[])
  location: variable CS of type org.apache.commons.lang3.Strings
[ERROR] /data/henrique/langchain_prototype/new/data/repositories/commons-lang/src/main/java/org/apache/commons/lang3/StringUtils.java:[500,26] cannot find symbol
  symbol:   method appendIfMissing(java.lang.String,java.lang.CharSequence,java.lang.CharSequence[])
  location: variable CI of type org.apache.commons.lang3.Strings
[ERROR] /data/henrique/langchain_prototype/new/data/repositories/commons-lang/src/main/java/org/apache/commons/lang3/StringUtils.java:[742,26] cannot find symbol
  symbol:   method removeEnd(java.lang.String,java.lang.String)
  location: variable CS of type org.apache.commons.lang3.Strings
[ERROR] /data/henrique/langchain_prototype/new/data/repositories/commons-lang/src/main/java/org/apache/commons/lang3/StringUtils.java:[1722,26] cannot find symbol
  symbol:   method endsWith(java.lang.CharSequence,java.lang.CharSequence)
  location: variable CS of type org.apache.commons.lang3.Strings
[ERROR] /data/henrique/langchain_prototype/new/data/repositories/commons-lang/src/main/java/org/apache/commons/lang3/StringUtils.java:[1749,26] cannot find symbol
  symbol:   method endsWithAny(java.lang.CharSequence,java.lang.CharSequence[])
  location: variable CS of type org.apache.commons.lang3.Strings
[ERROR] /data/henrique/langchain_prototype/new/data/repositories/commons-lang/src/main/java/org/apache/commons/lang3/StringUtils.java:[1778,26] cannot find symbol
  symbol:   method endsWith(java.lang.CharSequence,java.lang.CharSequence)
  location: variable CI of type org.apache.commons.lang3.Strings
[ERROR] /data/henrique/langchain_prototype/new/data/repositories/commons-lang/src/main/java/org/apache/commons/lang3/StringUtils.java:[5661,26] cannot find symbol
  symbol:   method prependIfMissing(java.lang.String,java.lang.CharSequence,java.lang.CharSequence[])
  location: variable CS of type org.apache.commons.lang3.Strings
[ERROR] /data/henrique/langchain_prototype/new/data/repositories/commons-lang/src/main/java/org/apache/commons/lang3/StringUtils.java:[5702,26] cannot find symbol
  symbol:   method prependIfMissing(java.lang.String,java.lang.CharSequence,java.lang.CharSequence[])
  location: variable CI of type org.apache.commons.lang3.Strings
[ERROR] /data/henrique/langchain_prototype/new/data/repositories/commons-lang/src/main/java/org/apache/commons/lang3/StringUtils.java:[5839,26] cannot find symbol
  symbol:   method removeEnd(java.lang.String,java.lang.String)
  location: variable CS of type org.apache.commons.lang3.Strings
[ERROR] /data/henrique/langchain_prototype/new/data/repositories/commons-lang/src/main/java/org/apache/commons/lang3/StringUtils.java:[5870,26] cannot find symbol
  symbol:   method removeEnd(java.lang.String,java.lang.String)
  location: variable CI of type org.apache.commons.lang3.Strings
[ERROR] /data/henrique/langchain_prototype/new/data/repositories/commons-lang/src/main/java/org/apache/commons/lang3/StringUtils.java:[6040,26] cannot find symbol
  symbol:   method removeStart(java.lang.String,java.lang.String)
  location: variable CS of type org.apache.commons.lang3.Strings
[ERROR] /data/henrique/langchain_prototype/new/data/repositories/commons-lang/src/main/java/org/apache/commons/lang3/StringUtils.java:[6070,26] cannot find symbol
  symbol:   method removeStart(java.lang.String,java.lang.String)
  location: variable CI of type org.apache.commons.lang3.Strings
[ERROR] /data/henrique/langchain_prototype/new/data/repositories/commons-lang/src/main/java/org/apache/commons/lang3/StringUtils.java:[6182,26] cannot find symbol
  symbol:   method removeEnd(java.lang.String,java.lang.String)
  location: variable CS of type org.apache.commons.lang3.Strings
[ERROR] /data/henrique/langchain_prototype/new/data/repositories/commons-lang/src/main/java/org/apache/commons/lang3/StringUtils.java:[7779,26] cannot find symbol
  symbol:   method startsWith(java.lang.CharSequence,java.lang.CharSequence)
  location: variable CS of type org.apache.commons.lang3.Strings
[ERROR] /data/henrique/langchain_prototype/new/data/repositories/commons-lang/src/main/java/org/apache/commons/lang3/StringUtils.java:[7807,26] cannot find symbol
  symbol:   method startsWithAny(java.lang.CharSequence,java.lang.CharSequence[])
  location: variable CS of type org.apache.commons.lang3.Strings
[ERROR] /data/henrique/langchain_prototype/new/data/repositories/commons-lang/src/main/java/org/apache/commons/lang3/StringUtils.java:[7835,26] cannot find symbol
  symbol:   method startsWith(java.lang.CharSequence,java.lang.CharSequence)
  location: variable CI of type org.apache.commons.lang3.Strings
[ERROR] /data/henrique/langchain_prototype/new/data/repositories/commons-lang/src/main/java/org/apache/commons/lang3/StringUtils.java:[9082,23] cannot find symbol
  symbol:   method startsWith(java.lang.String,java.lang.String)
  location: variable CS of type org.apache.commons.lang3.Strings
[ERROR] /data/henrique/langchain_prototype/new/data/repositories/commons-lang/src/main/java/org/apache/commons/lang3/StringUtils.java:[9082,64] cannot find symbol
  symbol:   method endsWith(java.lang.String,java.lang.String)
  location: variable CS of type org.apache.commons.lang3.Strings
[ERROR] /data/henrique/langchain_prototype/new/data/repositories/commons-lang/src/main/java/org/apache/commons/lang3/SystemUtils.java:[2437,26] cannot find symbol
  symbol:   method startsWith(java.lang.String,java.lang.String)
  location: variable CI of type org.apache.commons.lang3.Strings
[ERROR] Failed to execute goal org.apache.maven.plugins:maven-compiler-plugin:3.15.0:compile (default-compile) on project commons-lang3: Compilation failure: Compilation failure: 
[ERROR] /data/henrique/langchain_prototype/new/data/repositories/commons-lang/src/main/java/org/apache/commons/lang3/Strings.java:[1035,20] method isCaseSensitive() is already defined in class org.apache.commons.lang3.Strings
[ERROR] /data/henrique/langchain_prototype/new/data/repositories/commons-lang/src/main/java/org/apache/commons/lang3/builder/ToStringStyle.java:[2063,23] cannot find symbol
[ERROR]   symbol:   method endsWith(java.lang.StringBuffer,java.lang.String)
[ERROR]   location: variable CS of type org.apache.commons.lang3.Strings
[ERROR] /data/henrique/langchain_prototype/new/data/repositories/commons-lang/src/main/java/org/apache/commons/lang3/StringUtils.java:[462,26] cannot find symbol
[ERROR]   symbol:   method appendIfMissing(java.lang.String,java.lang.CharSequence,java.lang.CharSequence[])
[ERROR]   location: variable CS of type org.apache.commons.lang3.Strings
[ERROR] /data/henrique/langchain_prototype/new/data/repositories/commons-lang/src/main/java/org/apache/commons/lang3/StringUtils.java:[500,26] cannot find symbol
[ERROR]   symbol:   method appendIfMissing(java.lang.String,java.lang.CharSequence,java.lang.CharSequence[])
[ERROR]   location: variable CI of type org.apache.commons.lang3.Strings
[ERROR] /data/henrique/langchain_prototype/new/data/repositories/commons-lang/src/main/java/org/apache/commons/lang3/StringUtils.java:[742,26] cannot find symbol
[ERROR]   symbol:   method removeEnd(java.lang.String,java.lang.String)
[ERROR]   location: variable CS of type org.apache.commons.lang3.Strings
[ERROR] /data/henrique/langchain_prototype/new/data/repositories/commons-lang/src/main/java/org/apache/commons/lang3/StringUtils.java:[1722,26] cannot find symbol
[ERROR]   symbol:   method endsWith(java.lang.CharSequence,java.lang.CharSequence)
[ERROR]   location: variable CS of type org.apache.commons.lang3.Strings
[ERROR] /data/henrique/langchain_prototype/new/data/repositories/commons-lang/src/main/java/org/apache/commons/lang3/StringUtils.java:[1749,26] cannot find symbol
[ERROR]   symbol:   method endsWithAny(java.lang.CharSequence,java.lang.CharSequence[])
[ERROR]   location: variable CS of type org.apache.commons.lang3.Strings
[ERROR] /data/henrique/langchain_prototype/new/data/repositories/commons-lang/src/main/java/org/apache/commons/lang3/StringUtils.java:[1778,26] cannot find symbol
[ERROR]   symbol:   method endsWith(java.lang.CharSequence,java.lang.CharSequence)
[ERROR]   location: variable CI of type org.apache.commons.lang3.Strings
[ERROR] /data/henrique/langchain_prototype/new/data/repositories/commons-lang/src/main/java/org/apache/commons/lang3/StringUtils.java:[5661,26] cannot find symbol
[ERROR]   symbol:   method prependIfMissing(java.lang.String,java.lang.CharSequence,java.lang.CharSequence[])
[ERROR]   location: variable CS of type org.apache.commons.lang3.Strings
[ERROR] /data/henrique/langchain_prototype/new/data/repositories/commons-lang/src/main/java/org/apache/commons/lang3/StringUtils.java:[5702,26] cannot find symbol
[ERROR]   symbol:   method prependIfMissing(java.lang.String,java.lang.CharSequence,java.lang.CharSequence[])
[ERROR]   location: variable CI of type org.apache.commons.lang3.Strings
[ERROR] /data/henrique/langchain_prototype/new/data/repositories/commons-lang/src/main/java/org/apache/commons/lang3/StringUtils.java:[5839,26] cannot find symbol
[ERROR]   symbol:   method removeEnd(java.lang.String,java.lang.String)
[ERROR]   location: variable CS of type org.apache.commons.lang3.Strings
[ERROR] /data/henrique/langchain_prototype/new/data/repositories/commons-lang/src/main/java/org/apache/commons/lang3/StringUtils.java:[5870,26] cannot find symbol
[ERROR]   symbol:   method removeEnd(java.lang.String,java.lang.String)
[ERROR]   location: variable CI of type org.apache.commons.lang3.Strings
[ERROR] /data/henrique/langchain_prototype/new/data/repositories/commons-lang/src/main/java/org/apache/commons/lang3/StringUtils.java:[6040,26] cannot find symbol
[ERROR]   symbol:   method removeStart(java.lang.String,java.lang.String)
[ERROR]   location: variable CS of type org.apache.commons.lang3.Strings
[ERROR] /data/henrique/langchain_prototype/new/data/repositories/commons-lang/src/main/java/org/apache/commons/lang3/StringUtils.java:[6070,26] cannot find symbol
[ERROR]   symbol:   method removeStart(java.lang.String,java.lang.String)
[ERROR]   location: variable CI of type org.apache.commons.lang3.Strings
[ERROR] /data/henrique/langchain_prototype/new/data/repositories/commons-lang/src/main/java/org/apache/commons/lang3/StringUtils.java:[6182,26] cannot find symbol
[ERROR]   symbol:   method removeEnd(java.lang.String,java.lang.String)
[ERROR]   location: variable CS of type org.apache.commons.lang3.Strings
[ERROR] /data/henrique/langchain_prototype/new/data/repositories/commons-lang/src/main/java/org/apache/commons/lang3/StringUtils.java:[7779,26] cannot find symbol
[ERROR]   symbol:   method startsWith(java.lang.CharSequence,java.lang.CharSequence)
[ERROR]   location: variable CS of type org.apache.commons.lang3.Strings
[ERROR] /data/henrique/langchain_prototype/new/data/repositories/commons-lang/src/main/java/org/apache/commons/lang3/StringUtils.java:[7807,26] cannot find symbol
[ERROR]   symbol:   method startsWithAny(java.lang.CharSequence,java.lang.CharSequence[])
[ERROR]   location: variable CS of type org.apache.commons.lang3.Strings
[ERROR] /data/henrique/langchain_prototype/new/data/repositories/commons-lang/src/main/java/org/apache/commons/lang3/StringUtils.java:[7835,26] cannot find symbol
[ERROR]   symbol:   method startsWith(java.lang.CharSequence,java.lang.CharSequence)
[ERROR]   location: variable CI of type org.apache.commons.lang3.Strings
[ERROR] /data/henrique/langchain_prototype/new/data/repositories/commons-lang/src/main/java/org/apache/commons/lang3/StringUtils.java:[9082,23] cannot find symbol
[ERROR]   symbol:   method startsWith(java.lang.String,java.lang.String)
[ERROR]   location: variable CS of type org.apache.commons.lang3.Strings
[ERROR] /data/henrique/langchain_prototype/new/data/repositories/commons-lang/src/main/java/org/apache/commons/lang3/StringUtils.java:[9082,64] cannot find symbol
[ERROR]   symbol:   method endsWith(java.lang.String,java.lang.String)
[ERROR]   location: variable CS of type org.apache.commons.lang3.Strings
[ERROR] /data/henrique/langchain_prototype/new/data/repositories/commons-lang/src/main/java/org/apache/commons/lang3/SystemUtils.java:[2437,26] cannot find symbol
[ERROR]   symbol:   method startsWith(java.lang.String,java.lang.String)
[ERROR]   location: variable CI of type org.apache.commons.lang3.Strings
[ERROR] -> [Help 1]
[ERROR] 
[ERROR] To see the full stack trace of the errors, re-run Maven with the -e switch.
[ERROR] Re-run Maven using the -X switch to enable full debug logging.
[ERROR] 
[ERROR] For more information about the errors and possible solutions, please read the following articles:
[ERROR] [Help 1] http://cwiki.apache.org/confluence/display/MAVEN/MojoFailureException
