15-06-2026 16:30:02: Searching classpath folders ...
DesigniteJava Professional. Version 2.8.3.0
Copyright (C) 2026 Designite. All rights reserved.
15-06-2026 16:30:02: Parsing the source code ...
15-06-2026 16:30:09: Resolving symbols...
15-06-2026 16:30:11: Computing metrics...
15-06-2026 16:30:12: Detecting code smells...
15-06-2026 16:30:13: Exporting analysis results...
wrapping up ...
--Analysis summary--
	Total LOC analyzed: 136013	Number of packages: 20
	Number of classes: 1103	Number of methods: 9434
-Total architecture smell instances detected-
	Cyclic dependency: 11	God component: 8
	Ambiguous interface: 0 	Feature concentration: 11
	Unstable dependency: 5	Scattered functionality: 0
	Dense structure: 1
-Total design smell instances detected-
	Imperative abstraction: 0	Multifaceted abstraction: 3
	Unnecessary abstraction: 480	Unutilized abstraction: 317
	Feature envy: 0	Deficient encapsulation: 47
	Unexploited encapsulation: 0	Broken modularization: 25
	Cyclically-dependent modularization: 9	Hub-like modularization: 0
	Insufficient modularization: 48	Broken hierarchy: 24
	Cyclic hierarchy: 3	Deep hierarchy: 0
	Missing hierarchy: 0	Multipath hierarchy: 0
	Rebellious hierarchy: 1	Wide hierarchy: 2
-Total testability smell instances detected-
	Hard-wired dependency: 9	Global state: 78
	Excessive dependency: 5	Law of Demeter violation: 51
-Total implementation smell instances detected-
	Abstract function call from constructor: 0	Complex conditional: 107
	Complex method: 84	Empty catch clause: 16
	Long identifier: 101	Long method: 5
	Long parameter list: 78	Long statement: 132
	Magic number: 459	Missing default: 3
-Total test smell instances detected-
	Assertion roulette: 2953	Missing assertion: 242
	Empty test: 1	Ignored test: 0
	Constructor initialization: 13	Eager test: 380
	Exceptional handling: 187	Conditional test logic: 53
----
15-06-2026 16:30:19: Done.

